Archive member included to satisfy reference by file (symbol)

C:\Users\takah_000\Documents\GitHub\procon2016-9AxisSensor-Firmware\mbed\TARGET_LPC1114\TOOLCHAIN_GCC_CR\libmbed.a(analogin_api.o)
                              ./main.o (analogin_init)
C:\Users\takah_000\Documents\GitHub\procon2016-9AxisSensor-Firmware\mbed\TARGET_LPC1114\TOOLCHAIN_GCC_CR\libmbed.a(serial_api.o)
                              C:/Users/takah_000/Documents/GitHub/procon2016-9AxisSensor-Firmware/mbed/TARGET_LPC1114/TOOLCHAIN_GCC_CR/retarget.o (serial_init)
C:\Users\takah_000\Documents\GitHub\procon2016-9AxisSensor-Firmware\mbed\TARGET_LPC1114\TOOLCHAIN_GCC_CR\libmbed.a(FilePath.o)
                              C:/Users/takah_000/Documents/GitHub/procon2016-9AxisSensor-Firmware/mbed/TARGET_LPC1114/TOOLCHAIN_GCC_CR/retarget.o (mbed::FilePath::FilePath(char const*))
C:\Users\takah_000\Documents\GitHub\procon2016-9AxisSensor-Firmware\mbed\TARGET_LPC1114\TOOLCHAIN_GCC_CR\libmbed.a(FileSystemLike.o)
                              C:/Users/takah_000/Documents/GitHub/procon2016-9AxisSensor-Firmware/mbed/TARGET_LPC1114/TOOLCHAIN_GCC_CR/retarget.o (mbed::FileSystemLike::opendir())
C:\Users\takah_000\Documents\GitHub\procon2016-9AxisSensor-Firmware\mbed\TARGET_LPC1114\TOOLCHAIN_GCC_CR\libmbed.a(SPI.o)
                              ./MPU9250.o (mbed::SPI::SPI(PinName, PinName, PinName, PinName))
C:\Users\takah_000\Documents\GitHub\procon2016-9AxisSensor-Firmware\mbed\TARGET_LPC1114\TOOLCHAIN_GCC_CR\libmbed.a(Serial.o)
                              ./main.o (mbed::Serial::Serial(PinName, PinName, char const*))
C:\Users\takah_000\Documents\GitHub\procon2016-9AxisSensor-Firmware\mbed\TARGET_LPC1114\TOOLCHAIN_GCC_CR\libmbed.a(Ticker.o)
                              ./main.o (mbed::Ticker::detach())
C:\Users\takah_000\Documents\GitHub\procon2016-9AxisSensor-Firmware\mbed\TARGET_LPC1114\TOOLCHAIN_GCC_CR\libmbed.a(SerialBase.o)
                              C:\Users\takah_000\Documents\GitHub\procon2016-9AxisSensor-Firmware\mbed\TARGET_LPC1114\TOOLCHAIN_GCC_CR\libmbed.a(Serial.o) (mbed::SerialBase::SerialBase(PinName, PinName))
C:\Users\takah_000\Documents\GitHub\procon2016-9AxisSensor-Firmware\mbed\TARGET_LPC1114\TOOLCHAIN_GCC_CR\libmbed.a(Stream.o)
                              C:\Users\takah_000\Documents\GitHub\procon2016-9AxisSensor-Firmware\mbed\TARGET_LPC1114\TOOLCHAIN_GCC_CR\libmbed.a(Serial.o) (mbed::Stream::close())
C:\Users\takah_000\Documents\GitHub\procon2016-9AxisSensor-Firmware\mbed\TARGET_LPC1114\TOOLCHAIN_GCC_CR\libmbed.a(assert.o)
                              ./MPU9250.o (mbed_assert_internal)
C:\Users\takah_000\Documents\GitHub\procon2016-9AxisSensor-Firmware\mbed\TARGET_LPC1114\TOOLCHAIN_GCC_CR\libmbed.a(TimerEvent.o)
                              ./main.o (mbed::TimerEvent::TimerEvent())
C:\Users\takah_000\Documents\GitHub\procon2016-9AxisSensor-Firmware\mbed\TARGET_LPC1114\TOOLCHAIN_GCC_CR\libmbed.a(error.o)
                              C:/Users/takah_000/Documents/GitHub/procon2016-9AxisSensor-Firmware/mbed/TARGET_LPC1114/TOOLCHAIN_GCC_CR/retarget.o (error)
C:\Users\takah_000\Documents\GitHub\procon2016-9AxisSensor-Firmware\mbed\TARGET_LPC1114\TOOLCHAIN_GCC_CR\libmbed.a(gpio.o)
                              ./MPU9250.o (gpio_init_out)
C:\Users\takah_000\Documents\GitHub\procon2016-9AxisSensor-Firmware\mbed\TARGET_LPC1114\TOOLCHAIN_GCC_CR\libmbed.a(pinmap_common.o)
                              C:\Users\takah_000\Documents\GitHub\procon2016-9AxisSensor-Firmware\mbed\TARGET_LPC1114\TOOLCHAIN_GCC_CR\libmbed.a(analogin_api.o) (pinmap_pinout)
C:\Users\takah_000\Documents\GitHub\procon2016-9AxisSensor-Firmware\mbed\TARGET_LPC1114\TOOLCHAIN_GCC_CR\libmbed.a(ticker_api.o)
                              C:\Users\takah_000\Documents\GitHub\procon2016-9AxisSensor-Firmware\mbed\TARGET_LPC1114\TOOLCHAIN_GCC_CR\libmbed.a(TimerEvent.o) (ticker_set_handler)
C:\Users\takah_000\Documents\GitHub\procon2016-9AxisSensor-Firmware\mbed\TARGET_LPC1114\TOOLCHAIN_GCC_CR\libmbed.a(wait_api.o)
                              ./MPU9250.o (wait_us)
C:\Users\takah_000\Documents\GitHub\procon2016-9AxisSensor-Firmware\mbed\TARGET_LPC1114\TOOLCHAIN_GCC_CR\libmbed.a(us_ticker_api.o)
                              C:\Users\takah_000\Documents\GitHub\procon2016-9AxisSensor-Firmware\mbed\TARGET_LPC1114\TOOLCHAIN_GCC_CR\libmbed.a(TimerEvent.o) (get_us_ticker_data)
C:\Users\takah_000\Documents\GitHub\procon2016-9AxisSensor-Firmware\mbed\TARGET_LPC1114\TOOLCHAIN_GCC_CR\libmbed.a(gpio_api.o)
                              C:\Users\takah_000\Documents\GitHub\procon2016-9AxisSensor-Firmware\mbed\TARGET_LPC1114\TOOLCHAIN_GCC_CR\libmbed.a(gpio.o) (gpio_init)
C:\Users\takah_000\Documents\GitHub\procon2016-9AxisSensor-Firmware\mbed\TARGET_LPC1114\TOOLCHAIN_GCC_CR\libmbed.a(pinmap.o)
                              C:\Users\takah_000\Documents\GitHub\procon2016-9AxisSensor-Firmware\mbed\TARGET_LPC1114\TOOLCHAIN_GCC_CR\libmbed.a(pinmap_common.o) (pin_function)
[...]
Memory Configuration

Name             Origin             Length             Attributes
MFlash32         0x00000000         0x00008000         xr
RamLoc8          0x100000c0         0x00000f40         xrw
*default*        0x00000000         0xffffffff

Linker script and memory map

LOAD ./MPU9250.o
LOAD ./main.o
LOAD C:/Users/takah_000/Documents/GitHub/procon2016-9AxisSensor-Firmware/mbed/TARGET_LPC1114/TOOLCHAIN_GCC_CR/board.o
LOAD C:/Users/takah_000/Documents/GitHub/procon2016-9AxisSensor-Firmware/mbed/TARGET_LPC1114/TOOLCHAIN_GCC_CR/cmsis_nvic.o
LOAD C:/Users/takah_000/Documents/GitHub/procon2016-9AxisSensor-Firmware/mbed/TARGET_LPC1114/TOOLCHAIN_GCC_CR/retarget.o
LOAD C:/Users/takah_000/Documents/GitHub/procon2016-9AxisSensor-Firmware/mbed/TARGET_LPC1114/TOOLCHAIN_GCC_CR/startup_LPC11xx.o
LOAD C:/Users/takah_000/Documents/GitHub/procon2016-9AxisSensor-Firmware/mbed/TARGET_LPC1114/TOOLCHAIN_GCC_CR/system_LPC11xx.o
LOAD C:\Users\takah_000\Documents\GitHub\procon2016-9AxisSensor-Firmware\mbed\TARGET_LPC1114\TOOLCHAIN_GCC_CR\libmbed.a
START GROUP
LOAD c:/nxp/lpcxpresso_8.1.0_597/lpcxpresso/tools/bin/../lib/gcc/arm-none-eabi/5.2.1/armv6-m\libgcc.a
LOAD c:/nxp/lpcxpresso_8.1.0_597/lpcxpresso/tools/bin/../lib/gcc/arm-none-eabi/5.2.1/../../../../arm-none-eabi/lib/armv6-m\libc_s.a
LOAD c:/nxp/lpcxpresso_8.1.0_597/lpcxpresso/tools/bin/../lib/gcc/arm-none-eabi/5.2.1/../../../../arm-none-eabi/lib/armv6-m\libstdc++_s.a
LOAD c:/nxp/lpcxpresso_8.1.0_597/lpcxpresso/tools/bin/../lib/gcc/arm-none-eabi/5.2.1/../../../../arm-none-eabi/lib/armv6-m\libm.a
LOAD c:/nxp/lpcxpresso_8.1.0_597/lpcxpresso/tools/bin/../lib/gcc/arm-none-eabi/5.2.1/../../../../arm-none-eabi/lib/armv6-m\libcr_newlib_nohost.a
LOAD c:/nxp/lpcxpresso_8.1.0_597/lpcxpresso/tools/bin/../lib/gcc/arm-none-eabi/5.2.1/armv6-m\crti.o
LOAD c:/nxp/lpcxpresso_8.1.0_597/lpcxpresso/tools/bin/../lib/gcc/arm-none-eabi/5.2.1/armv6-m\crtn.o
LOAD c:/nxp/lpcxpresso_8.1.0_597/lpcxpresso/tools/bin/../lib/gcc/arm-none-eabi/5.2.1/armv6-m\crtbegin.o
LOAD c:/nxp/lpcxpresso_8.1.0_597/lpcxpresso/tools/bin/../lib/gcc/arm-none-eabi/5.2.1/armv6-m\crtend.o
END GROUP
                0x00008000                __top_MFlash32 = 0x8000
                0x10000f40                __top_RamLoc8 = 0x10000f40

.text           0x00000000     0x6b04
 FILL mask 0xff
 *(.isr_vector)
 .isr_vector    0x00000000       0xc0 C:/Users/takah_000/Documents/GitHub/procon2016-9AxisSensor-Firmware/mbed/TARGET_LPC1114/TOOLCHAIN_GCC_CR/startup_LPC11xx.o
                0x00000000                g_pfnVectors
 *(.text.ResetISR)
 *(.text.SystemInit)
 .text.SystemInit
                0x000000c0       0x64 C:/Users/takah_000/Documents/GitHub/procon2016-9AxisSensor-Firmware/mbed/TARGET_LPC1114/TOOLCHAIN_GCC_CR/system_LPC11xx.o
                0x000000c0                SystemInit
                0x00000200                . = 0x200
 *fill*         0x00000124       0xdc ff
                0x00000200                . = ALIGN (0x4)
                0x00000200                __section_table_start = .
                0x00000200                __data_section_table = .
                0x00000200        0x4 LONG 0x6b04 LOADADDR (.data)
                0x00000204        0x4 LONG 0x100000c0 ADDR (.data)
                0x00000208        0x4 LONG 0x70 SIZEOF (.data)
                0x0000020c                __data_section_table_end = .
                0x0000020c                __bss_section_table = .
                0x0000020c        0x4 LONG 0x10000130 ADDR (.bss)
                0x00000210        0x4 LONG 0x220 SIZEOF (.bss)
                0x00000214                __bss_section_table_end = .
                0x00000214                __section_table_end = .
 *(.after_vectors*)
 .after_vectors
                0x00000214       0xc0 C:/Users/takah_000/Documents/GitHub/procon2016-9AxisSensor-Firmware/mbed/TARGET_LPC1114/TOOLCHAIN_GCC_CR/startup_LPC11xx.o
                0x00000214                NMI_Handler
                0x00000218                HardFault_Handler
                0x0000021c                SVC_Handler
                0x00000220                PendSV_Handler
                0x00000224                SysTick_Handler
                0x00000228                UART_IRQHandler
                0x00000228                TIMER32_0_IRQHandler
                0x00000228                FLEX_INT7_IRQHandler
                0x00000228                FMC_IRQHandler
                0x00000228                TIMER32_1_IRQHandler
                0x00000228                FLEX_INT1_IRQHandler
                0x00000228                IntDefaultHandler
                0x00000228                SSP0_IRQHandler
                0x00000228                USBWakeup_IRQHandler
                0x00000228                FLEX_INT6_IRQHandler
                0x00000228                FLEX_INT0_IRQHandler
                0x00000228                FLEX_INT2_IRQHandler
                0x00000228                TIMER16_1_IRQHandler
                0x00000228                USB_FIQHandler
                0x00000228                FLEX_INT5_IRQHandler
                0x00000228                ADC_IRQHandler
                0x00000228                SSP1_IRQHandler
                0x00000228                FLEX_INT3_IRQHandler
                0x00000228                USB_IRQHandler
                0x00000228                BOD_IRQHandler
                0x00000228                I2C_IRQHandler
                0x00000228                WDT_IRQHandler
                0x00000228                TIMER16_0_IRQHandler
                0x00000228                GINT0_IRQHandler
                0x00000228                FLEX_INT4_IRQHandler
                0x00000228                GINT1_IRQHandler
                0x0000022c                ResetISR
                0x000002ac                data_init
                0x000002c0                bss_init
 *(.text*)
 .text.gpio_write
                0x000002d4       0x78 ./MPU9250.o
 .text._ZN4mbed10DigitalOutC2E7PinName
                0x0000034c       0x38 ./MPU9250.o
                0x0000034c                mbed::DigitalOut::DigitalOut(PinName)
                0x0000034c                mbed::DigitalOut::DigitalOut(PinName)
 .text._ZN4mbed10DigitalOut5writeEi
                0x00000384       0x20 ./MPU9250.o
                0x00000384                mbed::DigitalOut::write(int)
 .text._ZN4mbed10DigitalOutaSEi
                0x000003a4       0x20 ./MPU9250.o
                0x000003a4                mbed::DigitalOut::operator=(int)
 .text._ZN7MPU9250C2E7PinNameS0_S0_S0_
                0x000003c4       0x6c ./MPU9250.o
                0x000003c4                MPU9250::MPU9250(PinName, PinName, PinName, PinName)
                0x000003c4                MPU9250::MPU9250(PinName, PinName, PinName, PinName)
 .text._ZN7MPU92504initEv
                0x00000430      0x108 ./MPU9250.o
                0x00000430                MPU9250::init()
 .text._ZN7MPU92508writeRegEhh
                0x00000538       0x64 ./MPU9250.o
                0x00000538                MPU9250::writeReg(unsigned char, unsigned char)
 .text._ZN7MPU92507readRegEh
                0x0000059c       0x68 ./MPU9250.o
                0x0000059c                MPU9250::readReg(unsigned char)
 .text._ZN7MPU925016readMultipleRegsEiPhh
                0x00000604       0x7c ./MPU9250.o
                0x00000604                MPU9250::readMultipleRegs(int, unsigned char*, unsigned char)
 .text._ZN7MPU925011writeI2CRegEhhh
                0x00000680       0x64 ./MPU9250.o
                0x00000680                MPU9250::writeI2CReg(unsigned char, unsigned char, unsigned char)
 .text._ZN7MPU925019readI2CMultipleRegsEihh
                0x000006e4       0x6c ./MPU9250.o
                0x000006e4                MPU9250::readI2CMultipleRegs(int, unsigned char, unsigned char)
 .text._ZN7MPU92507refreshEv
                0x00000750      0x108 ./MPU9250.o
                0x00000750                MPU9250::refresh()
 .text._ZN4mbed8AnalogInC2E7PinName
                0x00000858       0x28 ./main.o
                0x00000858                mbed::AnalogIn::AnalogIn(PinName)
                0x00000858                mbed::AnalogIn::AnalogIn(PinName)
 .text._ZN4mbed10SerialBaseD2Ev
                0x00000880       0x2c ./main.o
                0x00000880                mbed::SerialBase::~SerialBase()
                0x00000880                mbed::SerialBase::~SerialBase()
 .text._ZN4mbed10SerialBaseD0Ev
                0x000008ac       0x24 ./main.o
                0x000008ac                mbed::SerialBase::~SerialBase()
 .text._ZN4mbed3SPID2Ev
                0x000008d0       0x2c ./main.o
                0x000008d0                mbed::SPI::~SPI()
                0x000008d0                mbed::SPI::~SPI()
 .text._ZN4mbed3SPID0Ev
                0x000008fc       0x24 ./main.o
                0x000008fc                mbed::SPI::~SPI()
 .text._ZN4mbed6TickerC2Ev
                0x00000920       0x30 ./main.o
                0x00000920                mbed::Ticker::Ticker()
                0x00000920                mbed::Ticker::Ticker()
 .text._ZN4mbed6Ticker6attachEPFvvEf
                0x00000950       0x34 ./main.o
                0x00000950                mbed::Ticker::attach(void (*)(), float)
 .text._ZN4mbed6Ticker9attach_usEPFvvEm
                0x00000984       0x30 ./main.o
                0x00000984                mbed::Ticker::attach_us(void (*)(), unsigned long)
 .text._ZN4mbed6TickerD2Ev
                0x000009b4       0x3c ./main.o
                0x000009b4                mbed::Ticker::~Ticker()
                0x000009b4                mbed::Ticker::~Ticker()
 .text._ZN4mbed6TickerD0Ev
                0x000009f0       0x24 ./main.o
                0x000009f0                mbed::Ticker::~Ticker()
 .text._Z9interruptv
                0x00000a14       0x14 ./main.o
                0x00000a14                interrupt()
 .text.main     0x00000a28       0xe4 ./main.o
                0x00000a28                main
 .text._ZN4mbed19FunctionPointerArg1IvvEC2EPFvvE
                0x00000b0c       0x20 ./main.o
                0x00000b0c                mbed::FunctionPointerArg1<void, void>::FunctionPointerArg1(void (*)())
                0x00000b0c                mbed::FunctionPointerArg1<void, void>::FunctionPointerArg1(void (*)())
 .text._ZN4mbed19FunctionPointerArg1IvvE6attachEPFvvE
                0x00000b2c       0x20 ./main.o
                0x00000b2c                mbed::FunctionPointerArg1<void, void>::attach(void (*)())
 .text._ZN7MPU9250D2Ev
                0x00000b4c       0x1c ./main.o
                0x00000b4c                MPU9250::~MPU9250()
                0x00000b4c                MPU9250::~MPU9250()
 .text._ZN4mbed6SerialD2Ev
                0x00000b68       0x70 ./main.o
                0x00000b68                mbed::Serial::~Serial()
                0x00000b68                mbed::Serial::~Serial()
                0x00000bb8                non-virtual thunk to mbed::Serial::~Serial()
                0x00000bc8                non-virtual thunk to mbed::Serial::~Serial()
 .text._ZN4mbed6SerialD0Ev
                0x00000bd8       0x44 ./main.o
                0x00000bd8                mbed::Serial::~Serial()
                0x00000bfc                non-virtual thunk to mbed::Serial::~Serial()
                0x00000c0c                non-virtual thunk to mbed::Serial::~Serial()
 .text._Z41__static_initialization_and_destruction_0ii
                0x00000c1c       0xb4 ./main.o
 .text._GLOBAL__sub_I_battLevelInput
                0x00000cd0       0x18 ./main.o
 .text.mbed_die
                0x00000ce8      0x1a8 C:/Users/takah_000/Documents/GitHub/procon2016-9AxisSensor-Firmware/mbed/TARGET_LPC1114/TOOLCHAIN_GCC_CR/board.o
                0x00000ce8                mbed_die
 .text.NVIC_SetVector
                0x00000e90       0x40 C:/Users/takah_000/Documents/GitHub/procon2016-9AxisSensor-Firmware/mbed/TARGET_LPC1114/TOOLCHAIN_GCC_CR/cmsis_nvic.o
                0x00000e90                NVIC_SetVector
 .text._ZN4mbed10FileHandle4flenEv
                0x00000ed0       0x34 C:/Users/takah_000/Documents/GitHub/procon2016-9AxisSensor-Firmware/mbed/TARGET_LPC1114/TOOLCHAIN_GCC_CR/retarget.o
                0x00000ed0                mbed::FileHandle::flen()
 .text._ZL11init_serialv.part.0
                0x00000f04       0x1c C:/Users/takah_000/Documents/GitHub/procon2016-9AxisSensor-Firmware/mbed/TARGET_LPC1114/TOOLCHAIN_GCC_CR/retarget.o
 .text._ZN4mbed10FileHandleD2Ev
                0x00000f20       0x30 C:/Users/takah_000/Documents/GitHub/procon2016-9AxisSensor-Firmware/mbed/TARGET_LPC1114/TOOLCHAIN_GCC_CR/retarget.o
                0x00000f20                mbed::FileHandle::~FileHandle()
                0x00000f20                mbed::FileHandle::~FileHandle()
 .text._open    0x00000f50       0xf8 C:/Users/takah_000/Documents/GitHub/procon2016-9AxisSensor-Firmware/mbed/TARGET_LPC1114/TOOLCHAIN_GCC_CR/retarget.o
                0x00000f50                _open
 .text._close   0x00001048       0x2c C:/Users/takah_000/Documents/GitHub/procon2016-9AxisSensor-Firmware/mbed/TARGET_LPC1114/TOOLCHAIN_GCC_CR/retarget.o
                0x00001048                _close
 .text._write   0x00001074       0x58 C:/Users/takah_000/Documents/GitHub/procon2016-9AxisSensor-Firmware/mbed/TARGET_LPC1114/TOOLCHAIN_GCC_CR/retarget.o
                0x00001074                _write
 .text._read    0x000010cc       0x48 C:/Users/takah_000/Documents/GitHub/procon2016-9AxisSensor-Firmware/mbed/TARGET_LPC1114/TOOLCHAIN_GCC_CR/retarget.o
                0x000010cc                _read
 .text._isatty  0x00001114       0x28 C:/Users/takah_000/Documents/GitHub/procon2016-9AxisSensor-Firmware/mbed/TARGET_LPC1114/TOOLCHAIN_GCC_CR/retarget.o
                0x00001114                _isatty
 .text._lseek   0x0000113c       0x28 C:/Users/takah_000/Documents/GitHub/procon2016-9AxisSensor-Firmware/mbed/TARGET_LPC1114/TOOLCHAIN_GCC_CR/retarget.o
                0x0000113c                _lseek
 .text._fstat   0x00001164       0x20 C:/Users/takah_000/Documents/GitHub/procon2016-9AxisSensor-Firmware/mbed/TARGET_LPC1114/TOOLCHAIN_GCC_CR/retarget.o
                0x00001164                _fstat
 .text.exit     0x00001184       0x28 C:/Users/takah_000/Documents/GitHub/procon2016-9AxisSensor-Firmware/mbed/TARGET_LPC1114/TOOLCHAIN_GCC_CR/retarget.o
                0x00001184                exit
 .text.__cxa_pure_virtual
                0x000011ac        0x8 C:/Users/takah_000/Documents/GitHub/procon2016-9AxisSensor-Firmware/mbed/TARGET_LPC1114/TOOLCHAIN_GCC_CR/retarget.o
                0x000011ac                __cxa_pure_virtual
 .text._ZN4mbed26mbed_set_unbuffered_streamEP7__sFILE
                0x000011b4        0xc C:/Users/takah_000/Documents/GitHub/procon2016-9AxisSensor-Firmware/mbed/TARGET_LPC1114/TOOLCHAIN_GCC_CR/retarget.o
                0x000011b4                mbed::mbed_set_unbuffered_stream(__sFILE*)
 .text._ZdlPv   0x000011c0        0x8 C:/Users/takah_000/Documents/GitHub/procon2016-9AxisSensor-Firmware/mbed/TARGET_LPC1114/TOOLCHAIN_GCC_CR/startup_LPC11xx.o
                0x000011c0                operator delete(void*)
 .text.__aeabi_atexit
                0x000011c8        0x4 C:/Users/takah_000/Documents/GitHub/procon2016-9AxisSensor-Firmware/mbed/TARGET_LPC1114/TOOLCHAIN_GCC_CR/startup_LPC11xx.o
                0x000011c8                __aeabi_atexit
 .text.analogin_init
                0x000011cc       0x98 C:\Users\takah_000\Documents\GitHub\procon2016-9AxisSensor-Firmware\mbed\TARGET_LPC1114\TOOLCHAIN_GCC_CR\libmbed.a(analogin_api.o)
                0x000011cc                analogin_init
 .text.serial_baud
                0x00001264      0x180 C:\Users\takah_000\Documents\GitHub\procon2016-9AxisSensor-Firmware\mbed\TARGET_LPC1114\TOOLCHAIN_GCC_CR\libmbed.a(serial_api.o)
                0x00001264                serial_baud
 .text.serial_format
                0x000013e4       0x74 C:\Users\takah_000\Documents\GitHub\procon2016-9AxisSensor-Firmware\mbed\TARGET_LPC1114\TOOLCHAIN_GCC_CR\libmbed.a(serial_api.o)
                0x000013e4                serial_format
 .text.serial_init
                0x00001458       0xdc C:\Users\takah_000\Documents\GitHub\procon2016-9AxisSensor-Firmware\mbed\TARGET_LPC1114\TOOLCHAIN_GCC_CR\libmbed.a(serial_api.o)
                0x00001458                serial_init
 .text.serial_irq_handler
                0x00001534       0x18 C:\Users\takah_000\Documents\GitHub\procon2016-9AxisSensor-Firmware\mbed\TARGET_LPC1114\TOOLCHAIN_GCC_CR\libmbed.a(serial_api.o)
                0x00001534                serial_irq_handler
 .text.serial_getc
                0x0000154c       0x10 C:\Users\takah_000\Documents\GitHub\procon2016-9AxisSensor-Firmware\mbed\TARGET_LPC1114\TOOLCHAIN_GCC_CR\libmbed.a(serial_api.o)
                0x0000154c                serial_getc
 .text.serial_putc
                0x0000155c       0x10 C:\Users\takah_000\Documents\GitHub\procon2016-9AxisSensor-Firmware\mbed\TARGET_LPC1114\TOOLCHAIN_GCC_CR\libmbed.a(serial_api.o)
                0x0000155c                serial_putc
 .text._ZN4mbed8FilePathC2EPKc
                0x0000156c       0x58 C:\Users\takah_000\Documents\GitHub\procon2016-9AxisSensor-Firmware\mbed\TARGET_LPC1114\TOOLCHAIN_GCC_CR\libmbed.a(FilePath.o)
                0x0000156c                mbed::FilePath::FilePath(char const*)
                0x0000156c                mbed::FilePath::FilePath(char const*)
 .text._ZN4mbed8FilePath8fileNameEv
                0x000015c4        0x4 C:\Users\takah_000\Documents\GitHub\procon2016-9AxisSensor-Firmware\mbed\TARGET_LPC1114\TOOLCHAIN_GCC_CR\libmbed.a(FilePath.o)
                0x000015c4                mbed::FilePath::fileName()
 .text._ZN4mbed8FilePath10fileSystemEv
                0x000015c8       0x1c C:\Users\takah_000\Documents\GitHub\procon2016-9AxisSensor-Firmware\mbed\TARGET_LPC1114\TOOLCHAIN_GCC_CR\libmbed.a(FilePath.o)
                0x000015c8                mbed::FilePath::fileSystem()
 .text._ZN4mbed8FilePath6isFileEv
                0x000015e4       0x18 C:\Users\takah_000\Documents\GitHub\procon2016-9AxisSensor-Firmware\mbed\TARGET_LPC1114\TOOLCHAIN_GCC_CR\libmbed.a(FilePath.o)
                0x000015e4                mbed::FilePath::isFile()
 .text._ZN4mbed8FilePath4fileEv
                0x000015fc       0x24 C:\Users\takah_000\Documents\GitHub\procon2016-9AxisSensor-Firmware\mbed\TARGET_LPC1114\TOOLCHAIN_GCC_CR\libmbed.a(FilePath.o)
                0x000015fc                mbed::FilePath::file()
 .text._ZN4mbed8FilePath6existsEv
                0x00001620        0xc C:\Users\takah_000\Documents\GitHub\procon2016-9AxisSensor-Firmware\mbed\TARGET_LPC1114\TOOLCHAIN_GCC_CR\libmbed.a(FilePath.o)
                0x00001620                mbed::FilePath::exists()
 .text._ZN4mbed3SPIC2E7PinNameS1_S1_S1_
                0x0000162c       0x4c C:\Users\takah_000\Documents\GitHub\procon2016-9AxisSensor-Firmware\mbed\TARGET_LPC1114\TOOLCHAIN_GCC_CR\libmbed.a(SPI.o)
                0x0000162c                mbed::SPI::SPI(PinName, PinName, PinName, PinName)
                0x0000162c                mbed::SPI::SPI(PinName, PinName, PinName, PinName)
 .text._ZN4mbed3SPI6aquireEv
                0x00001678       0x2c C:\Users\takah_000\Documents\GitHub\procon2016-9AxisSensor-Firmware\mbed\TARGET_LPC1114\TOOLCHAIN_GCC_CR\libmbed.a(SPI.o)
                0x00001678                mbed::SPI::aquire()
 .text._ZN4mbed3SPI6formatEii
                0x000016a4       0x18 C:\Users\takah_000\Documents\GitHub\procon2016-9AxisSensor-Firmware\mbed\TARGET_LPC1114\TOOLCHAIN_GCC_CR\libmbed.a(SPI.o)
                0x000016a4                mbed::SPI::format(int, int)
 .text._ZN4mbed3SPI9frequencyEi
                0x000016bc       0x14 C:\Users\takah_000\Documents\GitHub\procon2016-9AxisSensor-Firmware\mbed\TARGET_LPC1114\TOOLCHAIN_GCC_CR\libmbed.a(SPI.o)
                0x000016bc                mbed::SPI::frequency(int)
 .text._ZN4mbed3SPI5writeEi
                0x000016d0       0x14 C:\Users\takah_000\Documents\GitHub\procon2016-9AxisSensor-Firmware\mbed\TARGET_LPC1114\TOOLCHAIN_GCC_CR\libmbed.a(SPI.o)
                0x000016d0                mbed::SPI::write(int)
 .text._ZN4mbed6Serial5_getcEv
                0x000016e4        0x8 C:\Users\takah_000\Documents\GitHub\procon2016-9AxisSensor-Firmware\mbed\TARGET_LPC1114\TOOLCHAIN_GCC_CR\libmbed.a(Serial.o)
                0x000016e4                mbed::Serial::_getc()
 .text._ZThn64_N4mbed6Serial5_getcEv
                0x000016ec       0x10 C:\Users\takah_000\Documents\GitHub\procon2016-9AxisSensor-Firmware\mbed\TARGET_LPC1114\TOOLCHAIN_GCC_CR\libmbed.a(Serial.o)
                0x000016ec                non-virtual thunk to mbed::Serial::_getc()
 .text._ZN4mbed6Serial5_putcEi
                0x000016fc        0x8 C:\Users\takah_000\Documents\GitHub\procon2016-9AxisSensor-Firmware\mbed\TARGET_LPC1114\TOOLCHAIN_GCC_CR\libmbed.a(Serial.o)
                0x000016fc                mbed::Serial::_putc(int)
 .text._ZThn64_N4mbed6Serial5_putcEi
                0x00001704       0x10 C:\Users\takah_000\Documents\GitHub\procon2016-9AxisSensor-Firmware\mbed\TARGET_LPC1114\TOOLCHAIN_GCC_CR\libmbed.a(Serial.o)
                0x00001704                non-virtual thunk to mbed::Serial::_putc(int)
 .text._ZN4mbed6SerialC2E7PinNameS1_PKc
                0x00001714       0x30 C:\Users\takah_000\Documents\GitHub\procon2016-9AxisSensor-Firmware\mbed\TARGET_LPC1114\TOOLCHAIN_GCC_CR\libmbed.a(Serial.o)
                0x00001714                mbed::Serial::Serial(PinName, PinName, char const*)
                0x00001714                mbed::Serial::Serial(PinName, PinName, char const*)
 .text._ZN4mbed6Ticker7handlerEv
                0x00001744       0x30 C:\Users\takah_000\Documents\GitHub\procon2016-9AxisSensor-Firmware\mbed\TARGET_LPC1114\TOOLCHAIN_GCC_CR\libmbed.a(Ticker.o)
                0x00001744                mbed::Ticker::handler()
 .text._ZN4mbed6Ticker6detachEv
                0x00001774       0x10 C:\Users\takah_000\Documents\GitHub\procon2016-9AxisSensor-Firmware\mbed\TARGET_LPC1114\TOOLCHAIN_GCC_CR\libmbed.a(Ticker.o)
                0x00001774                mbed::Ticker::detach()
 .text._ZN4mbed6Ticker5setupEm
                0x00001784       0x1c C:\Users\takah_000\Documents\GitHub\procon2016-9AxisSensor-Firmware\mbed\TARGET_LPC1114\TOOLCHAIN_GCC_CR\libmbed.a(Ticker.o)
                0x00001784                mbed::Ticker::setup(unsigned long)
 .text._ZN4mbed10SerialBase12_irq_handlerEm9SerialIrq
                0x000017a0       0x3c C:\Users\takah_000\Documents\GitHub\procon2016-9AxisSensor-Firmware\mbed\TARGET_LPC1114\TOOLCHAIN_GCC_CR\libmbed.a(SerialBase.o)
                0x000017a0                mbed::SerialBase::_irq_handler(unsigned long, SerialIrq)
 .text._ZN4mbed10SerialBaseC2E7PinNameS1_
                0x000017dc       0x3c C:\Users\takah_000\Documents\GitHub\procon2016-9AxisSensor-Firmware\mbed\TARGET_LPC1114\TOOLCHAIN_GCC_CR\libmbed.a(SerialBase.o)
                0x000017dc                mbed::SerialBase::SerialBase(PinName, PinName)
                0x000017dc                mbed::SerialBase::SerialBase(PinName, PinName)
 .text._ZN4mbed10SerialBase4baudEi
                0x00001818       0x10 C:\Users\takah_000\Documents\GitHub\procon2016-9AxisSensor-Firmware\mbed\TARGET_LPC1114\TOOLCHAIN_GCC_CR\libmbed.a(SerialBase.o)
                0x00001818                mbed::SerialBase::baud(int)
 .text._ZN4mbed10SerialBase10_base_getcEv
                0x00001828        0xc C:\Users\takah_000\Documents\GitHub\procon2016-9AxisSensor-Firmware\mbed\TARGET_LPC1114\TOOLCHAIN_GCC_CR\libmbed.a(SerialBase.o)
                0x00001828                mbed::SerialBase::_base_getc()
 .text._ZN4mbed10SerialBase10_base_putcEi
                0x00001834       0x10 C:\Users\takah_000\Documents\GitHub\procon2016-9AxisSensor-Firmware\mbed\TARGET_LPC1114\TOOLCHAIN_GCC_CR\libmbed.a(SerialBase.o)
                0x00001834                mbed::SerialBase::_base_putc(int)
 .text._ZN4mbed6Stream5closeEv
                0x00001844        0x4 C:\Users\takah_000\Documents\GitHub\procon2016-9AxisSensor-Firmware\mbed\TARGET_LPC1114\TOOLCHAIN_GCC_CR\libmbed.a(Stream.o)
                0x00001844                mbed::Stream::close()
 .text._ZN4mbed6Stream5writeEPKvj
                0x00001848       0x2c C:\Users\takah_000\Documents\GitHub\procon2016-9AxisSensor-Firmware\mbed\TARGET_LPC1114\TOOLCHAIN_GCC_CR\libmbed.a(Stream.o)
                0x00001848                mbed::Stream::write(void const*, unsigned int)
 .text._ZN4mbed6Stream4readEPvj
                0x00001874       0x2c C:\Users\takah_000\Documents\GitHub\procon2016-9AxisSensor-Firmware\mbed\TARGET_LPC1114\TOOLCHAIN_GCC_CR\libmbed.a(Stream.o)
                0x00001874                mbed::Stream::read(void*, unsigned int)
 .text._ZN4mbed6Stream5lseekEli
                0x000018a0        0x4 C:\Users\takah_000\Documents\GitHub\procon2016-9AxisSensor-Firmware\mbed\TARGET_LPC1114\TOOLCHAIN_GCC_CR\libmbed.a(Stream.o)
                0x000018a0                mbed::Stream::lseek(long, int)
 .text._ZN4mbed6Stream6isattyEv
                0x000018a4        0x4 C:\Users\takah_000\Documents\GitHub\procon2016-9AxisSensor-Firmware\mbed\TARGET_LPC1114\TOOLCHAIN_GCC_CR\libmbed.a(Stream.o)
                0x000018a4                mbed::Stream::isatty()
 .text._ZN4mbed6Stream5fsyncEv
                0x000018a8        0x4 C:\Users\takah_000\Documents\GitHub\procon2016-9AxisSensor-Firmware\mbed\TARGET_LPC1114\TOOLCHAIN_GCC_CR\libmbed.a(Stream.o)
                0x000018a8                mbed::Stream::fsync()
 .text._ZN4mbed6Stream4flenEv
                0x000018ac        0x4 C:\Users\takah_000\Documents\GitHub\procon2016-9AxisSensor-Firmware\mbed\TARGET_LPC1114\TOOLCHAIN_GCC_CR\libmbed.a(Stream.o)
                0x000018ac                mbed::Stream::flen()
 .text._ZN4mbed6StreamC2EPKc
                0x000018b0       0x44 C:\Users\takah_000\Documents\GitHub\procon2016-9AxisSensor-Firmware\mbed\TARGET_LPC1114\TOOLCHAIN_GCC_CR\libmbed.a(Stream.o)
                0x000018b0                mbed::Stream::Stream(char const*)
                0x000018b0                mbed::Stream::Stream(char const*)
 .text._ZN4mbed6StreamD2Ev
                0x000018f4       0x24 C:\Users\takah_000\Documents\GitHub\procon2016-9AxisSensor-Firmware\mbed\TARGET_LPC1114\TOOLCHAIN_GCC_CR\libmbed.a(Stream.o)
                0x000018f4                mbed::Stream::~Stream()
                0x000018f4                mbed::Stream::~Stream()
 .text._ZN4mbed6Stream6printfEPKcz
                0x00001918       0x28 C:\Users\takah_000\Documents\GitHub\procon2016-9AxisSensor-Firmware\mbed\TARGET_LPC1114\TOOLCHAIN_GCC_CR\libmbed.a(Stream.o)
                0x00001918                mbed::Stream::printf(char const*, ...)
 .text.mbed_assert_internal
                0x00001940       0x18 C:\Users\takah_000\Documents\GitHub\procon2016-9AxisSensor-Firmware\mbed\TARGET_LPC1114\TOOLCHAIN_GCC_CR\libmbed.a(assert.o)
                0x00001940                mbed_assert_internal
 .text._ZN4mbed10TimerEvent3irqEm
                0x00001958        0xc C:\Users\takah_000\Documents\GitHub\procon2016-9AxisSensor-Firmware\mbed\TARGET_LPC1114\TOOLCHAIN_GCC_CR\libmbed.a(TimerEvent.o)
                0x00001958                mbed::TimerEvent::irq(unsigned long)
 .text._ZN4mbed10TimerEventC2Ev
                0x00001964       0x2c C:\Users\takah_000\Documents\GitHub\procon2016-9AxisSensor-Firmware\mbed\TARGET_LPC1114\TOOLCHAIN_GCC_CR\libmbed.a(TimerEvent.o)
                0x00001964                mbed::TimerEvent::TimerEvent()
                0x00001964                mbed::TimerEvent::TimerEvent()
 .text._ZN4mbed10TimerEventD2Ev
                0x00001990       0x1c C:\Users\takah_000\Documents\GitHub\procon2016-9AxisSensor-Firmware\mbed\TARGET_LPC1114\TOOLCHAIN_GCC_CR\libmbed.a(TimerEvent.o)
                0x00001990                mbed::TimerEvent::~TimerEvent()
                0x00001990                mbed::TimerEvent::~TimerEvent()
 .text._ZN4mbed10TimerEvent6insertEm
                0x000019ac       0x10 C:\Users\takah_000\Documents\GitHub\procon2016-9AxisSensor-Firmware\mbed\TARGET_LPC1114\TOOLCHAIN_GCC_CR\libmbed.a(TimerEvent.o)
                0x000019ac                mbed::TimerEvent::insert(unsigned long)
 .text._ZN4mbed10TimerEvent6removeEv
                0x000019bc       0x10 C:\Users\takah_000\Documents\GitHub\procon2016-9AxisSensor-Firmware\mbed\TARGET_LPC1114\TOOLCHAIN_GCC_CR\libmbed.a(TimerEvent.o)
                0x000019bc                mbed::TimerEvent::remove()
 .text.error    0x000019cc       0x20 C:\Users\takah_000\Documents\GitHub\procon2016-9AxisSensor-Firmware\mbed\TARGET_LPC1114\TOOLCHAIN_GCC_CR\libmbed.a(error.o)
                0x000019cc                error
 .text.gpio_init_out
                0x000019ec       0x50 C:\Users\takah_000\Documents\GitHub\procon2016-9AxisSensor-Firmware\mbed\TARGET_LPC1114\TOOLCHAIN_GCC_CR\libmbed.a(gpio.o)
                0x000019ec                gpio_init_out
 .text.pinmap_pinout
                0x00001a3c       0x38 C:\Users\takah_000\Documents\GitHub\procon2016-9AxisSensor-Firmware\mbed\TARGET_LPC1114\TOOLCHAIN_GCC_CR\libmbed.a(pinmap_common.o)
                0x00001a3c                pinmap_pinout
 .text.pinmap_merge
                0x00001a74       0x24 C:\Users\takah_000\Documents\GitHub\procon2016-9AxisSensor-Firmware\mbed\TARGET_LPC1114\TOOLCHAIN_GCC_CR\libmbed.a(pinmap_common.o)
                0x00001a74                pinmap_merge
 .text.pinmap_peripheral
                0x00001a98       0x30 C:\Users\takah_000\Documents\GitHub\procon2016-9AxisSensor-Firmware\mbed\TARGET_LPC1114\TOOLCHAIN_GCC_CR\libmbed.a(pinmap_common.o)
                0x00001a98                pinmap_peripheral
 .text.ticker_set_handler
                0x00001ac8       0x14 C:\Users\takah_000\Documents\GitHub\procon2016-9AxisSensor-Firmware\mbed\TARGET_LPC1114\TOOLCHAIN_GCC_CR\libmbed.a(ticker_api.o)
                0x00001ac8                ticker_set_handler
 .text.ticker_irq_handler
                0x00001adc       0x4c C:\Users\takah_000\Documents\GitHub\procon2016-9AxisSensor-Firmware\mbed\TARGET_LPC1114\TOOLCHAIN_GCC_CR\libmbed.a(ticker_api.o)
                0x00001adc                ticker_irq_handler
 .text.ticker_insert_event
                0x00001b28       0x40 C:\Users\takah_000\Documents\GitHub\procon2016-9AxisSensor-Firmware\mbed\TARGET_LPC1114\TOOLCHAIN_GCC_CR\libmbed.a(ticker_api.o)
                0x00001b28                ticker_insert_event
 .text.ticker_remove_event
                0x00001b68       0x48 C:\Users\takah_000\Documents\GitHub\procon2016-9AxisSensor-Firmware\mbed\TARGET_LPC1114\TOOLCHAIN_GCC_CR\libmbed.a(ticker_api.o)
                0x00001b68                ticker_remove_event
 .text.ticker_read
                0x00001bb0        0xc C:\Users\takah_000\Documents\GitHub\procon2016-9AxisSensor-Firmware\mbed\TARGET_LPC1114\TOOLCHAIN_GCC_CR\libmbed.a(ticker_api.o)
                0x00001bb0                ticker_read
 .text.wait_us  0x00001bbc       0x18 C:\Users\takah_000\Documents\GitHub\procon2016-9AxisSensor-Firmware\mbed\TARGET_LPC1114\TOOLCHAIN_GCC_CR\libmbed.a(wait_api.o)
                0x00001bbc                wait_us
 .text.wait     0x00001bd4       0x18 C:\Users\takah_000\Documents\GitHub\procon2016-9AxisSensor-Firmware\mbed\TARGET_LPC1114\TOOLCHAIN_GCC_CR\libmbed.a(wait_api.o)
                0x00001bd4                wait
 .text.wait_ms  0x00001bec       0x10 C:\Users\takah_000\Documents\GitHub\procon2016-9AxisSensor-Firmware\mbed\TARGET_LPC1114\TOOLCHAIN_GCC_CR\libmbed.a(wait_api.o)
                0x00001bec                wait_ms
 .text.get_us_ticker_data
                0x00001bfc        0x8 C:\Users\takah_000\Documents\GitHub\procon2016-9AxisSensor-Firmware\mbed\TARGET_LPC1114\TOOLCHAIN_GCC_CR\libmbed.a(us_ticker_api.o)
                0x00001bfc                get_us_ticker_data
 .text.us_ticker_irq_handler
                0x00001c04       0x10 C:\Users\takah_000\Documents\GitHub\procon2016-9AxisSensor-Firmware\mbed\TARGET_LPC1114\TOOLCHAIN_GCC_CR\libmbed.a(us_ticker_api.o)
                0x00001c04                us_ticker_irq_handler
 .text.gpio_set
                0x00001c14       0x5c C:\Users\takah_000\Documents\GitHub\procon2016-9AxisSensor-Firmware\mbed\TARGET_LPC1114\TOOLCHAIN_GCC_CR\libmbed.a(gpio_api.o)
                0x00001c14                gpio_set
 .text.gpio_init
                0x00001c70       0x3c C:\Users\takah_000\Documents\GitHub\procon2016-9AxisSensor-Firmware\mbed\TARGET_LPC1114\TOOLCHAIN_GCC_CR\libmbed.a(gpio_api.o)
                0x00001c70                gpio_init
 .text.gpio_mode
                0x00001cac        0xc C:\Users\takah_000\Documents\GitHub\procon2016-9AxisSensor-Firmware\mbed\TARGET_LPC1114\TOOLCHAIN_GCC_CR\libmbed.a(gpio_api.o)
                0x00001cac                gpio_mode
 .text.gpio_dir
                0x00001cb8       0x4c C:\Users\takah_000\Documents\GitHub\procon2016-9AxisSensor-Firmware\mbed\TARGET_LPC1114\TOOLCHAIN_GCC_CR\libmbed.a(gpio_api.o)
                0x00001cb8                gpio_dir
 .text.pin_function
                0x00001d04       0x3c C:\Users\takah_000\Documents\GitHub\procon2016-9AxisSensor-Firmware\mbed\TARGET_LPC1114\TOOLCHAIN_GCC_CR\libmbed.a(pinmap.o)
                0x00001d04                pin_function
 .text.pin_mode
                0x00001d40       0x50 C:\Users\takah_000\Documents\GitHub\procon2016-9AxisSensor-Firmware\mbed\TARGET_LPC1114\TOOLCHAIN_GCC_CR\libmbed.a(pinmap.o)
                0x00001d40                pin_mode
 .text.us_ticker_init.part.0
                0x00001d90       0x5c C:\Users\takah_000\Documents\GitHub\procon2016-9AxisSensor-Firmware\mbed\TARGET_LPC1114\TOOLCHAIN_GCC_CR\libmbed.a(us_ticker.o)
 .text.us_ticker_init
                0x00001dec       0x14 C:\Users\takah_000\Documents\GitHub\procon2016-9AxisSensor-Firmware\mbed\TARGET_LPC1114\TOOLCHAIN_GCC_CR\libmbed.a(us_ticker.o)
                0x00001dec                us_ticker_init
 .text.us_ticker_read
                0x00001e00       0x1c C:\Users\takah_000\Documents\GitHub\procon2016-9AxisSensor-Firmware\mbed\TARGET_LPC1114\TOOLCHAIN_GCC_CR\libmbed.a(us_ticker.o)
                0x00001e00                us_ticker_read
 .text.us_ticker_set_interrupt
                0x00001e1c       0x14 C:\Users\takah_000\Documents\GitHub\procon2016-9AxisSensor-Firmware\mbed\TARGET_LPC1114\TOOLCHAIN_GCC_CR\libmbed.a(us_ticker.o)
                0x00001e1c                us_ticker_set_interrupt
 .text.us_ticker_disable_interrupt
                0x00001e30       0x10 C:\Users\takah_000\Documents\GitHub\procon2016-9AxisSensor-Firmware\mbed\TARGET_LPC1114\TOOLCHAIN_GCC_CR\libmbed.a(us_ticker.o)
                0x00001e30                us_ticker_disable_interrupt
 .text.us_ticker_clear_interrupt
                0x00001e40        0xc C:\Users\takah_000\Documents\GitHub\procon2016-9AxisSensor-Firmware\mbed\TARGET_LPC1114\TOOLCHAIN_GCC_CR\libmbed.a(us_ticker.o)
                0x00001e40                us_ticker_clear_interrupt
 .text.spi_init
                0x00001e4c      0x17c C:\Users\takah_000\Documents\GitHub\procon2016-9AxisSensor-Firmware\mbed\TARGET_LPC1114\TOOLCHAIN_GCC_CR\libmbed.a(spi_api.o)
                0x00001e4c                spi_init
 .text.spi_format
                0x00001fc8       0x74 C:\Users\takah_000\Documents\GitHub\procon2016-9AxisSensor-Firmware\mbed\TARGET_LPC1114\TOOLCHAIN_GCC_CR\libmbed.a(spi_api.o)
                0x00001fc8                spi_format
 .text.spi_frequency
                0x0000203c       0x90 C:\Users\takah_000\Documents\GitHub\procon2016-9AxisSensor-Firmware\mbed\TARGET_LPC1114\TOOLCHAIN_GCC_CR\libmbed.a(spi_api.o)
                0x0000203c                spi_frequency
 .text.spi_master_write
                0x000020cc       0x18 C:\Users\takah_000\Documents\GitHub\procon2016-9AxisSensor-Firmware\mbed\TARGET_LPC1114\TOOLCHAIN_GCC_CR\libmbed.a(spi_api.o)
                0x000020cc                spi_master_write
 .text._ZN4mbed8FileBaseD2Ev
                0x000020e4       0x34 C:\Users\takah_000\Documents\GitHub\procon2016-9AxisSensor-Firmware\mbed\TARGET_LPC1114\TOOLCHAIN_GCC_CR\libmbed.a(FileBase.o)
                0x000020e4                mbed::FileBase::~FileBase()
                0x000020e4                mbed::FileBase::~FileBase()
 .text._ZN4mbed8FileBaseD0Ev
                0x00002118       0x40 C:\Users\takah_000\Documents\GitHub\procon2016-9AxisSensor-Firmware\mbed\TARGET_LPC1114\TOOLCHAIN_GCC_CR\libmbed.a(FileBase.o)
                0x00002118                mbed::FileBase::~FileBase()
 .text._ZN4mbed8FileBaseC2EPKcNS_8PathTypeE
                0x00002158       0x24 C:\Users\takah_000\Documents\GitHub\procon2016-9AxisSensor-Firmware\mbed\TARGET_LPC1114\TOOLCHAIN_GCC_CR\libmbed.a(FileBase.o)
                0x00002158                mbed::FileBase::FileBase(char const*, mbed::PathType)
                0x00002158                mbed::FileBase::FileBase(char const*, mbed::PathType)
 .text._ZN4mbed8FileBase6lookupEPKcj
                0x0000217c       0x40 C:\Users\takah_000\Documents\GitHub\procon2016-9AxisSensor-Firmware\mbed\TARGET_LPC1114\TOOLCHAIN_GCC_CR\libmbed.a(FileBase.o)
                0x0000217c                mbed::FileBase::lookup(char const*, unsigned int)
 .text._ZN4mbed8FileBase11getPathTypeEv
                0x000021bc        0x4 C:\Users\takah_000\Documents\GitHub\procon2016-9AxisSensor-Firmware\mbed\TARGET_LPC1114\TOOLCHAIN_GCC_CR\libmbed.a(FileBase.o)
                0x000021bc                mbed::FileBase::getPathType()
 .text._ZN4mbed8FileLikeC2EPKc
                0x000021c0       0x28 C:\Users\takah_000\Documents\GitHub\procon2016-9AxisSensor-Firmware\mbed\TARGET_LPC1114\TOOLCHAIN_GCC_CR\libmbed.a(FileLike.o)
                0x000021c0                mbed::FileLike::FileLike(char const*)
                0x000021c0                mbed::FileLike::FileLike(char const*)
 .text._ZN4mbed8FileLikeD2Ev
                0x000021e8       0x24 C:\Users\takah_000\Documents\GitHub\procon2016-9AxisSensor-Firmware\mbed\TARGET_LPC1114\TOOLCHAIN_GCC_CR\libmbed.a(FileLike.o)
                0x000021e8                mbed::FileLike::~FileLike()
                0x000021e8                mbed::FileLike::~FileLike()
 .text          0x0000220c      0x114 c:/nxp/lpcxpresso_8.1.0_597/lpcxpresso/tools/bin/../lib/gcc/arm-none-eabi/5.2.1/armv6-m\libgcc.a(_udivsi3.o)
                0x0000220c                __aeabi_uidiv
                0x0000220c                __udivsi3
                0x00002318                __aeabi_uidivmod
 .text          0x00002320      0x1d4 c:/nxp/lpcxpresso_8.1.0_597/lpcxpresso/tools/bin/../lib/gcc/arm-none-eabi/5.2.1/armv6-m\libgcc.a(_divsi3.o)
                0x00002320                __divsi3
                0x00002320                __aeabi_idiv
                0x000024ec                __aeabi_idivmod
 .text          0x000024f4        0x4 c:/nxp/lpcxpresso_8.1.0_597/lpcxpresso/tools/bin/../lib/gcc/arm-none-eabi/5.2.1/armv6-m\libgcc.a(_dvmd_tls.o)
                0x000024f4                __aeabi_idiv0
                0x000024f4                __aeabi_ldiv0
 .text          0x000024f8       0x30 c:/nxp/lpcxpresso_8.1.0_597/lpcxpresso/tools/bin/../lib/gcc/arm-none-eabi/5.2.1/armv6-m\libgcc.a(_fixunssfsi.o)
                0x000024f8                __fixunssfsi
                0x000024f8                __aeabi_f2uiz
 .text          0x00002528      0x2ec c:/nxp/lpcxpresso_8.1.0_597/lpcxpresso/tools/bin/../lib/gcc/arm-none-eabi/5.2.1/armv6-m\libgcc.a(addsf3.o)
                0x00002528                __aeabi_fadd
 .text          0x00002814      0x234 c:/nxp/lpcxpresso_8.1.0_597/lpcxpresso/tools/bin/../lib/gcc/arm-none-eabi/5.2.1/armv6-m\libgcc.a(divsf3.o)
                0x00002814                __aeabi_fdiv
 .text          0x00002a48      0x228 c:/nxp/lpcxpresso_8.1.0_597/lpcxpresso/tools/bin/../lib/gcc/arm-none-eabi/5.2.1/armv6-m\libgcc.a(mulsf3.o)
                0x00002a48                __aeabi_fmul
 .text          0x00002c70      0x30c c:/nxp/lpcxpresso_8.1.0_597/lpcxpresso/tools/bin/../lib/gcc/arm-none-eabi/5.2.1/armv6-m\libgcc.a(subsf3.o)
                0x00002c70                __aeabi_fsub
 .text          0x00002f7c       0x44 c:/nxp/lpcxpresso_8.1.0_597/lpcxpresso/tools/bin/../lib/gcc/arm-none-eabi/5.2.1/armv6-m\libgcc.a(fixsfsi.o)
                0x00002f7c                __aeabi_f2iz
 .text          0x00002fc0       0x90 c:/nxp/lpcxpresso_8.1.0_597/lpcxpresso/tools/bin/../lib/gcc/arm-none-eabi/5.2.1/armv6-m\libgcc.a(floatsisf.o)
                0x00002fc0                __aeabi_i2f
 .text          0x00003050       0x6c c:/nxp/lpcxpresso_8.1.0_597/lpcxpresso/tools/bin/../lib/gcc/arm-none-eabi/5.2.1/armv6-m\libgcc.a(fixdfsi.o)
                0x00003050                __aeabi_d2iz
 .text          0x000030bc       0xa8 c:/nxp/lpcxpresso_8.1.0_597/lpcxpresso/tools/bin/../lib/gcc/arm-none-eabi/5.2.1/armv6-m\libgcc.a(extendsfdf2.o)
                0x000030bc                __aeabi_f2d
 .text          0x00003164       0x74 c:/nxp/lpcxpresso_8.1.0_597/lpcxpresso/tools/bin/../lib/gcc/arm-none-eabi/5.2.1/armv6-m\libgcc.a(_arm_cmpsf2.o)
                0x00003164                __aeabi_cfrcmple
                0x0000316c                __aeabi_cfcmpeq
                0x0000316c                __aeabi_cfcmple
                0x0000317c                __aeabi_fcmpeq
                0x00003188                __aeabi_fcmplt
                0x0000319c                __aeabi_fcmple
                0x000031b0                __aeabi_fcmpgt
                0x000031c4                __aeabi_fcmpge
 .text          0x000031d8       0x3c c:/nxp/lpcxpresso_8.1.0_597/lpcxpresso/tools/bin/../lib/gcc/arm-none-eabi/5.2.1/armv6-m\libgcc.a(_clzsi2.o)
                0x000031d8                __clzsi2
 .text          0x00003214       0x50 c:/nxp/lpcxpresso_8.1.0_597/lpcxpresso/tools/bin/../lib/gcc/arm-none-eabi/5.2.1/armv6-m\libgcc.a(eqsf2.o)
                0x00003214                __eqsf2
                0x00003214                __nesf2
 .text          0x00003264       0x88 c:/nxp/lpcxpresso_8.1.0_597/lpcxpresso/tools/bin/../lib/gcc/arm-none-eabi/5.2.1/armv6-m\libgcc.a(gesf2.o)
                0x00003264                __gesf2
                0x00003264                __gtsf2
 .text          0x000032ec       0x88 c:/nxp/lpcxpresso_8.1.0_597/lpcxpresso/tools/bin/../lib/gcc/arm-none-eabi/5.2.1/armv6-m\libgcc.a(lesf2.o)
                0x000032ec                __ltsf2
                0x000032ec                __lesf2
 .text.abs      0x00003374        0x8 c:/nxp/lpcxpresso_8.1.0_597/lpcxpresso/tools/bin/../lib/gcc/arm-none-eabi/5.2.1/../../../../arm-none-eabi/lib/armv6-m\libc_s.a(lib_a-abs.o)
                0x00003374                abs
 .text.__errno  0x0000337c        0xc c:/nxp/lpcxpresso_8.1.0_597/lpcxpresso/tools/bin/../lib/gcc/arm-none-eabi/5.2.1/../../../../arm-none-eabi/lib/armv6-m\libc_s.a(lib_a-errno.o)
                0x0000337c                __errno
 .text._fclose_r
                0x00003388       0xb0 c:/nxp/lpcxpresso_8.1.0_597/lpcxpresso/tools/bin/../lib/gcc/arm-none-eabi/5.2.1/../../../../arm-none-eabi/lib/armv6-m\libc_s.a(lib_a-fclose.o)
                0x00003388                _fclose_r
 .text.fclose   0x00003438       0x14 c:/nxp/lpcxpresso_8.1.0_597/lpcxpresso/tools/bin/../lib/gcc/arm-none-eabi/5.2.1/../../../../arm-none-eabi/lib/armv6-m\libc_s.a(lib_a-fclose.o)
                0x00003438                fclose
 .text.__sflush_r
                0x0000344c      0x10c c:/nxp/lpcxpresso_8.1.0_597/lpcxpresso/tools/bin/../lib/gcc/arm-none-eabi/5.2.1/../../../../arm-none-eabi/lib/armv6-m\libc_s.a(lib_a-fflush.o)
                0x0000344c                __sflush_r
 .text._fflush_r
                0x00003558       0x58 c:/nxp/lpcxpresso_8.1.0_597/lpcxpresso/tools/bin/../lib/gcc/arm-none-eabi/5.2.1/../../../../arm-none-eabi/lib/armv6-m\libc_s.a(lib_a-fflush.o)
                0x00003558                _fflush_r
 .text.fflush   0x000035b0       0x28 c:/nxp/lpcxpresso_8.1.0_597/lpcxpresso/tools/bin/../lib/gcc/arm-none-eabi/5.2.1/../../../../arm-none-eabi/lib/armv6-m\libc_s.a(lib_a-fflush.o)
                0x000035b0                fflush
 .text._cleanup_r
                0x000035d8       0x10 c:/nxp/lpcxpresso_8.1.0_597/lpcxpresso/tools/bin/../lib/gcc/arm-none-eabi/5.2.1/../../../../arm-none-eabi/lib/armv6-m\libc_s.a(lib_a-findfp.o)
                0x000035d8                _cleanup_r
 .text.std.isra.0
                0x000035e8       0x48 c:/nxp/lpcxpresso_8.1.0_597/lpcxpresso/tools/bin/../lib/gcc/arm-none-eabi/5.2.1/../../../../arm-none-eabi/lib/armv6-m\libc_s.a(lib_a-findfp.o)
 .text.__sfmoreglue
                0x00003630       0x2c c:/nxp/lpcxpresso_8.1.0_597/lpcxpresso/tools/bin/../lib/gcc/arm-none-eabi/5.2.1/../../../../arm-none-eabi/lib/armv6-m\libc_s.a(lib_a-findfp.o)
                0x00003630                __sfmoreglue
 .text.__sinit  0x0000365c       0x68 c:/nxp/lpcxpresso_8.1.0_597/lpcxpresso/tools/bin/../lib/gcc/arm-none-eabi/5.2.1/../../../../arm-none-eabi/lib/armv6-m\libc_s.a(lib_a-findfp.o)
                0x0000365c                __sinit
 .text.__sfp    0x000036c4       0x7c c:/nxp/lpcxpresso_8.1.0_597/lpcxpresso/tools/bin/../lib/gcc/arm-none-eabi/5.2.1/../../../../arm-none-eabi/lib/armv6-m\libc_s.a(lib_a-findfp.o)
                0x000036c4                __sfp
 .text.__sfp_lock_acquire
                0x00003740        0x2 c:/nxp/lpcxpresso_8.1.0_597/lpcxpresso/tools/bin/../lib/gcc/arm-none-eabi/5.2.1/../../../../arm-none-eabi/lib/armv6-m\libc_s.a(lib_a-findfp.o)
                0x00003740                __sfp_lock_acquire
 .text.__sfp_lock_release
                0x00003742        0x2 c:/nxp/lpcxpresso_8.1.0_597/lpcxpresso/tools/bin/../lib/gcc/arm-none-eabi/5.2.1/../../../../arm-none-eabi/lib/armv6-m\libc_s.a(lib_a-findfp.o)
                0x00003742                __sfp_lock_release
 .text._fopen_r
                0x00003744       0x7c c:/nxp/lpcxpresso_8.1.0_597/lpcxpresso/tools/bin/../lib/gcc/arm-none-eabi/5.2.1/../../../../arm-none-eabi/lib/armv6-m\libc_s.a(lib_a-fopen.o)
                0x00003744                _fopen_r
 .text.fopen    0x000037c0       0x14 c:/nxp/lpcxpresso_8.1.0_597/lpcxpresso/tools/bin/../lib/gcc/arm-none-eabi/5.2.1/../../../../arm-none-eabi/lib/armv6-m\libc_s.a(lib_a-fopen.o)
                0x000037c0                fopen
 .text._fseek_r
                0x000037d4        0x8 c:/nxp/lpcxpresso_8.1.0_597/lpcxpresso/tools/bin/../lib/gcc/arm-none-eabi/5.2.1/../../../../arm-none-eabi/lib/armv6-m\libc_s.a(lib_a-fseek.o)
                0x000037d4                _fseek_r
 .text._fseeko_r
                0x000037dc      0x130 c:/nxp/lpcxpresso_8.1.0_597/lpcxpresso/tools/bin/../lib/gcc/arm-none-eabi/5.2.1/../../../../arm-none-eabi/lib/armv6-m\libc_s.a(lib_a-fseeko.o)
                0x000037dc                _fseeko_r
 .text._fwalk_reent
                0x0000390c       0x42 c:/nxp/lpcxpresso_8.1.0_597/lpcxpresso/tools/bin/../lib/gcc/arm-none-eabi/5.2.1/../../../../arm-none-eabi/lib/armv6-m\libc_s.a(lib_a-fwalk.o)
                0x0000390c                _fwalk_reent
 *fill*         0x0000394e        0x2 ff
 .text.__libc_init_array
                0x00003950       0x4c c:/nxp/lpcxpresso_8.1.0_597/lpcxpresso/tools/bin/../lib/gcc/arm-none-eabi/5.2.1/../../../../arm-none-eabi/lib/armv6-m\libc_s.a(lib_a-init.o)
                0x00003950                __libc_init_array
 .text.__smakebuf_r
                0x0000399c       0xa4 c:/nxp/lpcxpresso_8.1.0_597/lpcxpresso/tools/bin/../lib/gcc/arm-none-eabi/5.2.1/../../../../arm-none-eabi/lib/armv6-m\libc_s.a(lib_a-makebuf.o)
                0x0000399c                __smakebuf_r
 .text.malloc   0x00003a40       0x14 c:/nxp/lpcxpresso_8.1.0_597/lpcxpresso/tools/bin/../lib/gcc/arm-none-eabi/5.2.1/../../../../arm-none-eabi/lib/armv6-m\libc_s.a(lib_a-malloc.o)
                0x00003a40                malloc
 .text.free     0x00003a54       0x14 c:/nxp/lpcxpresso_8.1.0_597/lpcxpresso/tools/bin/../lib/gcc/arm-none-eabi/5.2.1/../../../../arm-none-eabi/lib/armv6-m\libc_s.a(lib_a-malloc.o)
                0x00003a54                free
 .text.memchr   0x00003a68       0x16 c:/nxp/lpcxpresso_8.1.0_597/lpcxpresso/tools/bin/../lib/gcc/arm-none-eabi/5.2.1/../../../../arm-none-eabi/lib/armv6-m\libc_s.a(lib_a-memchr-stub.o)
                0x00003a68                memchr
 .text.memcpy   0x00003a7e       0x12 c:/nxp/lpcxpresso_8.1.0_597/lpcxpresso/tools/bin/../lib/gcc/arm-none-eabi/5.2.1/../../../../arm-none-eabi/lib/armv6-m\libc_s.a(lib_a-memcpy-stub.o)
                0x00003a7e                memcpy
 .text.memset   0x00003a90       0x10 c:/nxp/lpcxpresso_8.1.0_597/lpcxpresso/tools/bin/../lib/gcc/arm-none-eabi/5.2.1/../../../../arm-none-eabi/lib/armv6-m\libc_s.a(lib_a-memset.o)
                0x00003a90                memset
 .text._free_r  0x00003aa0       0x8c c:/nxp/lpcxpresso_8.1.0_597/lpcxpresso/tools/bin/../lib/gcc/arm-none-eabi/5.2.1/../../../../arm-none-eabi/lib/armv6-m\libc_s.a(lib_a-nano-freer.o)
                0x00003aa0                _free_r
 .text._malloc_r
                0x00003b2c       0xac c:/nxp/lpcxpresso_8.1.0_597/lpcxpresso/tools/bin/../lib/gcc/arm-none-eabi/5.2.1/../../../../arm-none-eabi/lib/armv6-m\libc_s.a(lib_a-nano-mallocr.o)
                0x00003b2c                _malloc_r
 .text.__sfputc_r
                0x00003bd8       0x2a c:/nxp/lpcxpresso_8.1.0_597/lpcxpresso/tools/bin/../lib/gcc/arm-none-eabi/5.2.1/../../../../arm-none-eabi/lib/armv6-m\libc_s.a(lib_a-nano-vfprintf.o)
 .text.__sfputs_r
                0x00003c02       0x24 c:/nxp/lpcxpresso_8.1.0_597/lpcxpresso/tools/bin/../lib/gcc/arm-none-eabi/5.2.1/../../../../arm-none-eabi/lib/armv6-m\libc_s.a(lib_a-nano-vfprintf.o)
                0x00003c02                __sfputs_r
 *fill*         0x00003c26        0x2 ff
 .text._vfprintf_r
                0x00003c28      0x238 c:/nxp/lpcxpresso_8.1.0_597/lpcxpresso/tools/bin/../lib/gcc/arm-none-eabi/5.2.1/../../../../arm-none-eabi/lib/armv6-m\libc_s.a(lib_a-nano-vfprintf.o)
                0x00003c28                _vfprintf_r
                0x00003c28                _vfiprintf_r
 .text.vfprintf
                0x00003e60       0x18 c:/nxp/lpcxpresso_8.1.0_597/lpcxpresso/tools/bin/../lib/gcc/arm-none-eabi/5.2.1/../../../../arm-none-eabi/lib/armv6-m\libc_s.a(lib_a-nano-vfprintf.o)
                0x00003e60                vfprintf
                0x00003e60                vfiprintf
 .text._printf_common
                0x00003e78       0xdc c:/nxp/lpcxpresso_8.1.0_597/lpcxpresso/tools/bin/../lib/gcc/arm-none-eabi/5.2.1/../../../../arm-none-eabi/lib/armv6-m\libc_s.a(lib_a-nano-vfprintf_i.o)
                0x00003e78                _printf_common
 .text._printf_i
                0x00003f54      0x244 c:/nxp/lpcxpresso_8.1.0_597/lpcxpresso/tools/bin/../lib/gcc/arm-none-eabi/5.2.1/../../../../arm-none-eabi/lib/armv6-m\libc_s.a(lib_a-nano-vfprintf_i.o)
                0x00003f54                _printf_i
 .text._scanf_chars
                0x00004198       0xc4 c:/nxp/lpcxpresso_8.1.0_597/lpcxpresso/tools/bin/../lib/gcc/arm-none-eabi/5.2.1/../../../../arm-none-eabi/lib/armv6-m\libc_s.a(lib_a-nano-vfscanf_i.o)
                0x00004198                _scanf_chars
 .text._scanf_i
                0x0000425c      0x200 c:/nxp/lpcxpresso_8.1.0_597/lpcxpresso/tools/bin/../lib/gcc/arm-none-eabi/5.2.1/../../../../arm-none-eabi/lib/armv6-m\libc_s.a(lib_a-nano-vfscanf_i.o)
                0x0000425c                _scanf_i
 .text._open_r  0x0000445c       0x28 c:/nxp/lpcxpresso_8.1.0_597/lpcxpresso/tools/bin/../lib/gcc/arm-none-eabi/5.2.1/../../../../arm-none-eabi/lib/armv6-m\libc_s.a(lib_a-openr.o)
                0x0000445c                _open_r
 .text._sbrk_r  0x00004484       0x24 c:/nxp/lpcxpresso_8.1.0_597/lpcxpresso/tools/bin/../lib/gcc/arm-none-eabi/5.2.1/../../../../arm-none-eabi/lib/armv6-m\libc_s.a(lib_a-sbrkr.o)
                0x00004484                _sbrk_r
 .text.__sccl   0x000044a8       0x64 c:/nxp/lpcxpresso_8.1.0_597/lpcxpresso/tools/bin/../lib/gcc/arm-none-eabi/5.2.1/../../../../arm-none-eabi/lib/armv6-m\libc_s.a(lib_a-sccl.o)
                0x000044a8                __sccl
 .text.setbuf   0x0000450c       0x12 c:/nxp/lpcxpresso_8.1.0_597/lpcxpresso/tools/bin/../lib/gcc/arm-none-eabi/5.2.1/../../../../arm-none-eabi/lib/armv6-m\libc_s.a(lib_a-setbuf.o)
                0x0000450c                setbuf
 *fill*         0x0000451e        0x2 ff
 .text.setvbuf  0x00004520      0x10c c:/nxp/lpcxpresso_8.1.0_597/lpcxpresso/tools/bin/../lib/gcc/arm-none-eabi/5.2.1/../../../../arm-none-eabi/lib/armv6-m\libc_s.a(lib_a-setvbuf.o)
                0x00004520                setvbuf
 .text.sprintf  0x0000462c       0x44 c:/nxp/lpcxpresso_8.1.0_597/lpcxpresso/tools/bin/../lib/gcc/arm-none-eabi/5.2.1/../../../../arm-none-eabi/lib/armv6-m\libc_s.a(lib_a-sprintf.o)
                0x0000462c                siprintf
                0x0000462c                sprintf
 .text.sscanf   0x00004670       0x50 c:/nxp/lpcxpresso_8.1.0_597/lpcxpresso/tools/bin/../lib/gcc/arm-none-eabi/5.2.1/../../../../arm-none-eabi/lib/armv6-m\libc_s.a(lib_a-sscanf.o)
                0x00004670                siscanf
                0x00004670                sscanf
 .text.__sread  0x000046c0       0x28 c:/nxp/lpcxpresso_8.1.0_597/lpcxpresso/tools/bin/../lib/gcc/arm-none-eabi/5.2.1/../../../../arm-none-eabi/lib/armv6-m\libc_s.a(lib_a-stdio.o)
                0x000046c0                __sread
 .text.__seofread
                0x000046e8        0x4 c:/nxp/lpcxpresso_8.1.0_597/lpcxpresso/tools/bin/../lib/gcc/arm-none-eabi/5.2.1/../../../../arm-none-eabi/lib/armv6-m\libc_s.a(lib_a-stdio.o)
                0x000046e8                __seofread
 .text.__swrite
                0x000046ec       0x38 c:/nxp/lpcxpresso_8.1.0_597/lpcxpresso/tools/bin/../lib/gcc/arm-none-eabi/5.2.1/../../../../arm-none-eabi/lib/armv6-m\libc_s.a(lib_a-stdio.o)
                0x000046ec                __swrite
 .text.__sseek  0x00004724       0x2c c:/nxp/lpcxpresso_8.1.0_597/lpcxpresso/tools/bin/../lib/gcc/arm-none-eabi/5.2.1/../../../../arm-none-eabi/lib/armv6-m\libc_s.a(lib_a-stdio.o)
                0x00004724                __sseek
 .text.__sclose
                0x00004750        0xc c:/nxp/lpcxpresso_8.1.0_597/lpcxpresso/tools/bin/../lib/gcc/arm-none-eabi/5.2.1/../../../../arm-none-eabi/lib/armv6-m\libc_s.a(lib_a-stdio.o)
                0x00004750                __sclose
 .text          0x0000475c       0x14 c:/nxp/lpcxpresso_8.1.0_597/lpcxpresso/tools/bin/../lib/gcc/arm-none-eabi/5.2.1/../../../../arm-none-eabi/lib/armv6-m\libc_s.a(lib_a-strcmp.o)
                0x0000475c                strcmp
 .text          0x00004770        0xe c:/nxp/lpcxpresso_8.1.0_597/lpcxpresso/tools/bin/../lib/gcc/arm-none-eabi/5.2.1/../../../../arm-none-eabi/lib/armv6-m\libc_s.a(lib_a-strlen.o)
                0x00004770                strlen
 .text.strncmp  0x0000477e       0x24 c:/nxp/lpcxpresso_8.1.0_597/lpcxpresso/tools/bin/../lib/gcc/arm-none-eabi/5.2.1/../../../../arm-none-eabi/lib/armv6-m\libc_s.a(lib_a-strncmp.o)
                0x0000477e                strncmp
 *fill*         0x000047a2        0x2 ff
 .text._strtol_r
                0x000047a4      0x124 c:/nxp/lpcxpresso_8.1.0_597/lpcxpresso/tools/bin/../lib/gcc/arm-none-eabi/5.2.1/../../../../arm-none-eabi/lib/armv6-m\libc_s.a(lib_a-strtol.o)
                0x000047a4                _strtol_r
 .text._strtoul_r
                0x000048c8      0x108 c:/nxp/lpcxpresso_8.1.0_597/lpcxpresso/tools/bin/../lib/gcc/arm-none-eabi/5.2.1/../../../../arm-none-eabi/lib/armv6-m\libc_s.a(lib_a-strtoul.o)
                0x000048c8                _strtoul_r
 .text.__submore
                0x000049d0       0x7c c:/nxp/lpcxpresso_8.1.0_597/lpcxpresso/tools/bin/../lib/gcc/arm-none-eabi/5.2.1/../../../../arm-none-eabi/lib/armv6-m\libc_s.a(lib_a-ungetc.o)
                0x000049d0                __submore
 .text.__swbuf_r
                0x00004a4c       0xb0 c:/nxp/lpcxpresso_8.1.0_597/lpcxpresso/tools/bin/../lib/gcc/arm-none-eabi/5.2.1/../../../../arm-none-eabi/lib/armv6-m\libc_s.a(lib_a-wbuf.o)
                0x00004a4c                __swbuf_r
 .text._write_r
                0x00004afc       0x28 c:/nxp/lpcxpresso_8.1.0_597/lpcxpresso/tools/bin/../lib/gcc/arm-none-eabi/5.2.1/../../../../arm-none-eabi/lib/armv6-m\libc_s.a(lib_a-writer.o)
                0x00004afc                _write_r
 .text.__swsetup_r
                0x00004b24       0xe8 c:/nxp/lpcxpresso_8.1.0_597/lpcxpresso/tools/bin/../lib/gcc/arm-none-eabi/5.2.1/../../../../arm-none-eabi/lib/armv6-m\libc_s.a(lib_a-wsetup.o)
                0x00004b24                __swsetup_r
 .text._close_r
                0x00004c0c       0x24 c:/nxp/lpcxpresso_8.1.0_597/lpcxpresso/tools/bin/../lib/gcc/arm-none-eabi/5.2.1/../../../../arm-none-eabi/lib/armv6-m\libc_s.a(lib_a-closer.o)
                0x00004c0c                _close_r
 .text.__sflags
                0x00004c30       0x74 c:/nxp/lpcxpresso_8.1.0_597/lpcxpresso/tools/bin/../lib/gcc/arm-none-eabi/5.2.1/../../../../arm-none-eabi/lib/armv6-m\libc_s.a(lib_a-flags.o)
                0x00004c30                __sflags
 .text._fstat_r
                0x00004ca4       0x24 c:/nxp/lpcxpresso_8.1.0_597/lpcxpresso/tools/bin/../lib/gcc/arm-none-eabi/5.2.1/../../../../arm-none-eabi/lib/armv6-m\libc_s.a(lib_a-fstatr.o)
                0x00004ca4                _fstat_r
 .text._isatty_r
                0x00004cc8       0x24 c:/nxp/lpcxpresso_8.1.0_597/lpcxpresso/tools/bin/../lib/gcc/arm-none-eabi/5.2.1/../../../../arm-none-eabi/lib/armv6-m\libc_s.a(lib_a-isattyr.o)
                0x00004cc8                _isatty_r
 .text._lseek_r
                0x00004cec       0x28 c:/nxp/lpcxpresso_8.1.0_597/lpcxpresso/tools/bin/../lib/gcc/arm-none-eabi/5.2.1/../../../../arm-none-eabi/lib/armv6-m\libc_s.a(lib_a-lseekr.o)
                0x00004cec                _lseek_r
 .text.memmove  0x00004d14       0x2a c:/nxp/lpcxpresso_8.1.0_597/lpcxpresso/tools/bin/../lib/gcc/arm-none-eabi/5.2.1/../../../../arm-none-eabi/lib/armv6-m\libc_s.a(lib_a-memmove.o)
                0x00004d14                memmove
 .text._realloc_r
                0x00004d3e       0x4c c:/nxp/lpcxpresso_8.1.0_597/lpcxpresso/tools/bin/../lib/gcc/arm-none-eabi/5.2.1/../../../../arm-none-eabi/lib/armv6-m\libc_s.a(lib_a-nano-reallocr.o)
                0x00004d3e                _realloc_r
 *fill*         0x00004d8a        0x2 ff
 .text.__ssputs_r
                0x00004d8c       0xc4 c:/nxp/lpcxpresso_8.1.0_597/lpcxpresso/tools/bin/../lib/gcc/arm-none-eabi/5.2.1/../../../../arm-none-eabi/lib/armv6-m\libc_s.a(lib_a-nano-svfprintf.o)
                0x00004d8c                __ssputs_r
 .text._svfprintf_r
                0x00004e50      0x1fc c:/nxp/lpcxpresso_8.1.0_597/lpcxpresso/tools/bin/../lib/gcc/arm-none-eabi/5.2.1/../../../../arm-none-eabi/lib/armv6-m\libc_s.a(lib_a-nano-svfprintf.o)
                0x00004e50                _svfiprintf_r
                0x00004e50                _svfprintf_r
 .text._sungetc_r
                0x0000504c       0x78 c:/nxp/lpcxpresso_8.1.0_597/lpcxpresso/tools/bin/../lib/gcc/arm-none-eabi/5.2.1/../../../../arm-none-eabi/lib/armv6-m\libc_s.a(lib_a-nano-svfscanf.o)
                0x0000504c                _sungetc_r
 .text.__ssrefill_r
                0x000050c4       0x3e c:/nxp/lpcxpresso_8.1.0_597/lpcxpresso/tools/bin/../lib/gcc/arm-none-eabi/5.2.1/../../../../arm-none-eabi/lib/armv6-m\libc_s.a(lib_a-nano-svfscanf.o)
                0x000050c4                __ssrefill_r
 *fill*         0x00005102        0x2 ff
 .text.__ssvfscanf_r
                0x00005104      0x2ec c:/nxp/lpcxpresso_8.1.0_597/lpcxpresso/tools/bin/../lib/gcc/arm-none-eabi/5.2.1/../../../../arm-none-eabi/lib/armv6-m\libc_s.a(lib_a-nano-svfscanf.o)
                0x00005104                __ssvfiscanf_r
                0x00005104                __ssvfscanf_r
 .text._read_r  0x000053f0       0x28 c:/nxp/lpcxpresso_8.1.0_597/lpcxpresso/tools/bin/../lib/gcc/arm-none-eabi/5.2.1/../../../../arm-none-eabi/lib/armv6-m\libc_s.a(lib_a-readr.o)
                0x000053f0                _read_r
 .text._malloc_usable_size_r
                0x00005418       0x16 c:/nxp/lpcxpresso_8.1.0_597/lpcxpresso/tools/bin/../lib/gcc/arm-none-eabi/5.2.1/../../../../arm-none-eabi/lib/armv6-m\libc_s.a(lib_a-nano-msizer.o)
                0x00005418                _malloc_usable_size_r
 *fill*         0x0000542e        0x2 ff
 .text.floor    0x00005430      0x130 c:/nxp/lpcxpresso_8.1.0_597/lpcxpresso/tools/bin/../lib/gcc/arm-none-eabi/5.2.1/../../../../arm-none-eabi/lib/armv6-m\libm.a(lib_a-s_floor.o)
                0x00005430                floor
 .text._sbrk    0x00005560       0x40 c:/nxp/lpcxpresso_8.1.0_597/lpcxpresso/tools/bin/../lib/gcc/arm-none-eabi/5.2.1/../../../../arm-none-eabi/lib/armv6-m\libcr_newlib_nohost.a(_cr_sbrk.o)
                0x00005560                _sbrk
 .text.__check_heap_overflow
                0x000055a0       0x14 c:/nxp/lpcxpresso_8.1.0_597/lpcxpresso/tools/bin/../lib/gcc/arm-none-eabi/5.2.1/../../../../arm-none-eabi/lib/armv6-m\libcr_newlib_nohost.a(_cr_check_heap.o)
                0x000055a0                __check_heap_overflow
 .text          0x000055b4       0xb4 c:/nxp/lpcxpresso_8.1.0_597/lpcxpresso/tools/bin/../lib/gcc/arm-none-eabi/5.2.1/armv6-m\crtbegin.o
 .text          0x00005668       0x7c c:/nxp/lpcxpresso_8.1.0_597/lpcxpresso/tools/bin/../lib/gcc/arm-none-eabi/5.2.1/armv6-m\libgcc.a(_arm_cmpdf2.o)
                0x00005668                __aeabi_cdrcmple
                0x00005678                __aeabi_cdcmple
                0x00005678                __aeabi_cdcmpeq
                0x00005688                __aeabi_dcmpeq
                0x00005694                __aeabi_dcmplt
                0x000056a8                __aeabi_dcmple
                0x000056bc                __aeabi_dcmpgt
                0x000056d0                __aeabi_dcmpge
 .text          0x000056e4      0x658 c:/nxp/lpcxpresso_8.1.0_597/lpcxpresso/tools/bin/../lib/gcc/arm-none-eabi/5.2.1/armv6-m\libgcc.a(adddf3.o)
                0x000056e4                __aeabi_dadd
 .text          0x00005d3c       0x80 c:/nxp/lpcxpresso_8.1.0_597/lpcxpresso/tools/bin/../lib/gcc/arm-none-eabi/5.2.1/armv6-m\libgcc.a(eqdf2.o)
                0x00005d3c                __nedf2
                0x00005d3c                __eqdf2
 .text          0x00005dbc       0xc8 c:/nxp/lpcxpresso_8.1.0_597/lpcxpresso/tools/bin/../lib/gcc/arm-none-eabi/5.2.1/armv6-m\libgcc.a(gedf2.o)
                0x00005dbc                __gedf2
                0x00005dbc                __gtdf2
 .text          0x00005e84       0xd4 c:/nxp/lpcxpresso_8.1.0_597/lpcxpresso/tools/bin/../lib/gcc/arm-none-eabi/5.2.1/armv6-m\libgcc.a(ledf2.o)
                0x00005e84                __ledf2
                0x00005e84                __ltdf2
 *(.rodata .rodata.*)
 .rodata        0x00005f58       0xa0 ./MPU9250.o
 .rodata        0x00005ff8       0x37 ./main.o
 *fill*         0x0000602f        0x1 ff
 .rodata._ZTVN4mbed10SerialBaseE
                0x00006030       0x10 ./main.o
                0x00006030                vtable for mbed::SerialBase
 .rodata.str1.4
                0x00006040       0x8a C:/Users/takah_000/Documents/GitHub/procon2016-9AxisSensor-Firmware/mbed/TARGET_LPC1114/TOOLCHAIN_GCC_CR/board.o
                                 0x8c (size before relaxing)
 *fill*         0x000060ca        0x2 ff
 .rodata.__stdin_name
                0x000060cc        0x8 C:/Users/takah_000/Documents/GitHub/procon2016-9AxisSensor-Firmware/mbed/TARGET_LPC1114/TOOLCHAIN_GCC_CR/retarget.o
                0x000060cc                __stdin_name
 .rodata.__stderr_name
                0x000060d4        0x8 C:/Users/takah_000/Documents/GitHub/procon2016-9AxisSensor-Firmware/mbed/TARGET_LPC1114/TOOLCHAIN_GCC_CR/retarget.o
                0x000060d4                __stderr_name
 .rodata.__stdout_name
                0x000060dc        0x8 C:/Users/takah_000/Documents/GitHub/procon2016-9AxisSensor-Firmware/mbed/TARGET_LPC1114/TOOLCHAIN_GCC_CR/retarget.o
                0x000060dc                __stdout_name
 *fill*         0x000060e4        0x4 ff
 .rodata._ZTVN4mbed10FileHandleE
                0x000060e8       0x30 C:/Users/takah_000/Documents/GitHub/procon2016-9AxisSensor-Firmware/mbed/TARGET_LPC1114/TOOLCHAIN_GCC_CR/retarget.o
                0x000060e8                vtable for mbed::FileHandle
 .rodata.str1.4
                0x00006118        0xe C:/Users/takah_000/Documents/GitHub/procon2016-9AxisSensor-Firmware/mbed/TARGET_LPC1114/TOOLCHAIN_GCC_CR/retarget.o
                                 0x10 (size before relaxing)
 *fill*         0x00006126        0x2 ff
 .rodata.str1.4
                0x00006128       0x8c C:\Users\takah_000\Documents\GitHub\procon2016-9AxisSensor-Firmware\mbed\TARGET_LPC1114\TOOLCHAIN_GCC_CR\libmbed.a(analogin_api.o)
 .rodata.PinMap_ADC
                0x000061b4       0x60 C:\Users\takah_000\Documents\GitHub\procon2016-9AxisSensor-Firmware\mbed\TARGET_LPC1114\TOOLCHAIN_GCC_CR\libmbed.a(analogin_api.o)
 .rodata.PinMap_UART_RX
                0x00006214       0x3c C:\Users\takah_000\Documents\GitHub\procon2016-9AxisSensor-Firmware\mbed\TARGET_LPC1114\TOOLCHAIN_GCC_CR\libmbed.a(serial_api.o)
 .rodata.str1.4
                0x00006250      0x154 C:\Users\takah_000\Documents\GitHub\procon2016-9AxisSensor-Firmware\mbed\TARGET_LPC1114\TOOLCHAIN_GCC_CR\libmbed.a(serial_api.o)
 .rodata.CSWTCH.16
                0x000063a4       0x10 C:\Users\takah_000\Documents\GitHub\procon2016-9AxisSensor-Firmware\mbed\TARGET_LPC1114\TOOLCHAIN_GCC_CR\libmbed.a(serial_api.o)
 .rodata.PinMap_UART_TX
                0x000063b4       0x3c C:\Users\takah_000\Documents\GitHub\procon2016-9AxisSensor-Firmware\mbed\TARGET_LPC1114\TOOLCHAIN_GCC_CR\libmbed.a(serial_api.o)
 .rodata._ZTVN4mbed3SPIE
                0x000063f0       0x18 C:\Users\takah_000\Documents\GitHub\procon2016-9AxisSensor-Firmware\mbed\TARGET_LPC1114\TOOLCHAIN_GCC_CR\libmbed.a(SPI.o)
                0x000063f0                vtable for mbed::SPI
 .rodata._ZTVN4mbed6SerialE
                0x00006408       0x60 C:\Users\takah_000\Documents\GitHub\procon2016-9AxisSensor-Firmware\mbed\TARGET_LPC1114\TOOLCHAIN_GCC_CR\libmbed.a(Serial.o)
                0x00006408                vtable for mbed::Serial
 .rodata._ZTVN4mbed6TickerE
                0x00006468       0x18 C:\Users\takah_000\Documents\GitHub\procon2016-9AxisSensor-Firmware\mbed\TARGET_LPC1114\TOOLCHAIN_GCC_CR\libmbed.a(Ticker.o)
                0x00006468                vtable for mbed::Ticker
 .rodata._ZTVN4mbed6StreamE
                0x00006480       0x48 C:\Users\takah_000\Documents\GitHub\procon2016-9AxisSensor-Firmware\mbed\TARGET_LPC1114\TOOLCHAIN_GCC_CR\libmbed.a(Stream.o)
                0x00006480                vtable for mbed::Stream
 .rodata.str1.4
                0x000064c8        0x3 C:\Users\takah_000\Documents\GitHub\procon2016-9AxisSensor-Firmware\mbed\TARGET_LPC1114\TOOLCHAIN_GCC_CR\libmbed.a(Stream.o)
                                  0x8 (size before relaxing)
 *fill*         0x000064cb        0x1 ff
 .rodata.str1.4
                0x000064cc       0x31 C:\Users\takah_000\Documents\GitHub\procon2016-9AxisSensor-Firmware\mbed\TARGET_LPC1114\TOOLCHAIN_GCC_CR\libmbed.a(assert.o)
                                 0x34 (size before relaxing)
 *fill*         0x000064fd        0x3 ff
 .rodata._ZTVN4mbed10TimerEventE
                0x00006500       0x18 C:\Users\takah_000\Documents\GitHub\procon2016-9AxisSensor-Firmware\mbed\TARGET_LPC1114\TOOLCHAIN_GCC_CR\libmbed.a(TimerEvent.o)
                0x00006500                vtable for mbed::TimerEvent
 .rodata.str1.4
                0x00006518       0x8c C:\Users\takah_000\Documents\GitHub\procon2016-9AxisSensor-Firmware\mbed\TARGET_LPC1114\TOOLCHAIN_GCC_CR\libmbed.a(gpio.o)
 .rodata.str1.4
                0x00006518       0x66 C:\Users\takah_000\Documents\GitHub\procon2016-9AxisSensor-Firmware\mbed\TARGET_LPC1114\TOOLCHAIN_GCC_CR\libmbed.a(pinmap_common.o)
                                 0x68 (size before relaxing)
 *fill*         0x0000657e        0x2 ff
 .rodata.us_interface
                0x00006580       0x14 C:\Users\takah_000\Documents\GitHub\procon2016-9AxisSensor-Firmware\mbed\TARGET_LPC1114\TOOLCHAIN_GCC_CR\libmbed.a(us_ticker_api.o)
 .rodata.us_data
                0x00006594        0x8 C:\Users\takah_000\Documents\GitHub\procon2016-9AxisSensor-Firmware\mbed\TARGET_LPC1114\TOOLCHAIN_GCC_CR\libmbed.a(us_ticker_api.o)
 .rodata.str1.4
                0x0000659c       0x84 C:\Users\takah_000\Documents\GitHub\procon2016-9AxisSensor-Firmware\mbed\TARGET_LPC1114\TOOLCHAIN_GCC_CR\libmbed.a(gpio_api.o)
                                 0x9c (size before relaxing)
 .rodata.str1.4
                0x00006620       0x6e C:\Users\takah_000\Documents\GitHub\procon2016-9AxisSensor-Firmware\mbed\TARGET_LPC1114\TOOLCHAIN_GCC_CR\libmbed.a(pinmap.o)
                                 0x84 (size before relaxing)
 *fill*         0x0000668e        0x2 ff
 .rodata.PinMap_SPI_MISO
                0x00006690       0x24 C:\Users\takah_000\Documents\GitHub\procon2016-9AxisSensor-Firmware\mbed\TARGET_LPC1114\TOOLCHAIN_GCC_CR\libmbed.a(spi_api.o)
 .rodata.PinMap_SPI_SCLK
                0x000066b4       0x30 C:\Users\takah_000\Documents\GitHub\procon2016-9AxisSensor-Firmware\mbed\TARGET_LPC1114\TOOLCHAIN_GCC_CR\libmbed.a(spi_api.o)
 .rodata.str1.4
                0x000066e4       0xe4 C:\Users\takah_000\Documents\GitHub\procon2016-9AxisSensor-Firmware\mbed\TARGET_LPC1114\TOOLCHAIN_GCC_CR\libmbed.a(spi_api.o)
 .rodata.PinMap_SPI_MOSI
                0x000067c8       0x24 C:\Users\takah_000\Documents\GitHub\procon2016-9AxisSensor-Firmware\mbed\TARGET_LPC1114\TOOLCHAIN_GCC_CR\libmbed.a(spi_api.o)
 .rodata.PinMap_SPI_SSEL
                0x000067ec       0x24 C:\Users\takah_000\Documents\GitHub\procon2016-9AxisSensor-Firmware\mbed\TARGET_LPC1114\TOOLCHAIN_GCC_CR\libmbed.a(spi_api.o)
 .rodata._ZTVN4mbed8FileBaseE
                0x00006810       0x10 C:\Users\takah_000\Documents\GitHub\procon2016-9AxisSensor-Firmware\mbed\TARGET_LPC1114\TOOLCHAIN_GCC_CR\libmbed.a(FileBase.o)
                0x00006810                vtable for mbed::FileBase
 .rodata._ZTVN4mbed8FileLikeE
                0x00006820       0x40 C:\Users\takah_000\Documents\GitHub\procon2016-9AxisSensor-Firmware\mbed\TARGET_LPC1114\TOOLCHAIN_GCC_CR\libmbed.a(FileLike.o)
                0x00006820                vtable for mbed::FileLike
 .rodata        0x00006860       0x80 c:/nxp/lpcxpresso_8.1.0_597/lpcxpresso/tools/bin/../lib/gcc/arm-none-eabi/5.2.1/armv6-m\libgcc.a(divsf3.o)
 .rodata        0x000068e0       0x40 c:/nxp/lpcxpresso_8.1.0_597/lpcxpresso/tools/bin/../lib/gcc/arm-none-eabi/5.2.1/armv6-m\libgcc.a(mulsf3.o)
 .rodata.__sf_fake_stdin
                0x00006920       0x20 c:/nxp/lpcxpresso_8.1.0_597/lpcxpresso/tools/bin/../lib/gcc/arm-none-eabi/5.2.1/../../../../arm-none-eabi/lib/armv6-m\libc_s.a(lib_a-findfp.o)
                0x00006920                __sf_fake_stdin
 .rodata.__sf_fake_stdout
                0x00006940       0x20 c:/nxp/lpcxpresso_8.1.0_597/lpcxpresso/tools/bin/../lib/gcc/arm-none-eabi/5.2.1/../../../../arm-none-eabi/lib/armv6-m\libc_s.a(lib_a-findfp.o)
                0x00006940                __sf_fake_stdout
 .rodata.__sf_fake_stderr
                0x00006960       0x20 c:/nxp/lpcxpresso_8.1.0_597/lpcxpresso/tools/bin/../lib/gcc/arm-none-eabi/5.2.1/../../../../arm-none-eabi/lib/armv6-m\libc_s.a(lib_a-findfp.o)
                0x00006960                __sf_fake_stderr
 .rodata.str1.1
                0x00006980        0x2 c:/nxp/lpcxpresso_8.1.0_597/lpcxpresso/tools/bin/../lib/gcc/arm-none-eabi/5.2.1/../../../../arm-none-eabi/lib/armv6-m\libc_s.a(lib_a-impure.o)
 *fill*         0x00006982        0x2 ff
 .rodata._global_impure_ptr
                0x00006984        0x4 c:/nxp/lpcxpresso_8.1.0_597/lpcxpresso/tools/bin/../lib/gcc/arm-none-eabi/5.2.1/../../../../arm-none-eabi/lib/armv6-m\libc_s.a(lib_a-impure.o)
                0x00006984                _global_impure_ptr
 .rodata.str1.1
                0x00006988       0x11 c:/nxp/lpcxpresso_8.1.0_597/lpcxpresso/tools/bin/../lib/gcc/arm-none-eabi/5.2.1/../../../../arm-none-eabi/lib/armv6-m\libc_s.a(lib_a-nano-vfprintf.o)
 .rodata.str1.1
                0x00006999       0x22 c:/nxp/lpcxpresso_8.1.0_597/lpcxpresso/tools/bin/../lib/gcc/arm-none-eabi/5.2.1/../../../../arm-none-eabi/lib/armv6-m\libc_s.a(lib_a-nano-vfprintf_i.o)
 *fill*         0x000069bb        0x1 ff
 .rodata        0x000069bc        0xc c:/nxp/lpcxpresso_8.1.0_597/lpcxpresso/tools/bin/../lib/gcc/arm-none-eabi/5.2.1/../../../../arm-none-eabi/lib/armv6-m\libc_s.a(lib_a-nano-vfscanf_i.o)
 .rodata.str1.1
                0x000069c8       0x1b c:/nxp/lpcxpresso_8.1.0_597/lpcxpresso/tools/bin/../lib/gcc/arm-none-eabi/5.2.1/../../../../arm-none-eabi/lib/armv6-m\libc_s.a(lib_a-nano-vfscanf_i.o)
 .rodata._ctype_
                0x000069e3      0x101 c:/nxp/lpcxpresso_8.1.0_597/lpcxpresso/tools/bin/../lib/gcc/arm-none-eabi/5.2.1/../../../../arm-none-eabi/lib/armv6-m\libc_s.a(lib_a-ctype_.o)
                0x000069e3                _ctype_
 .rodata.str1.1
                0x00006ae4       0x11 c:/nxp/lpcxpresso_8.1.0_597/lpcxpresso/tools/bin/../lib/gcc/arm-none-eabi/5.2.1/../../../../arm-none-eabi/lib/armv6-m\libc_s.a(lib_a-nano-svfprintf.o)
 .rodata.str1.1
                0x00006ae4        0x4 c:/nxp/lpcxpresso_8.1.0_597/lpcxpresso/tools/bin/../lib/gcc/arm-none-eabi/5.2.1/../../../../arm-none-eabi/lib/armv6-m\libc_s.a(lib_a-nano-svfscanf.o)
                0x00006af8                . = ALIGN (0x4)
                0x00006af8                . = ALIGN (0x4)
 *(.init)
 .init          0x00006ae4        0x4 c:/nxp/lpcxpresso_8.1.0_597/lpcxpresso/tools/bin/../lib/gcc/arm-none-eabi/5.2.1/armv6-m\crti.o
                0x00006ae4                _init
 .init          0x00006ae8        0x8 c:/nxp/lpcxpresso_8.1.0_597/lpcxpresso/tools/bin/../lib/gcc/arm-none-eabi/5.2.1/armv6-m\crtn.o
                0x00006af8                . = ALIGN (0x4)
                0x00006af8                __preinit_array_start = .
 *(.preinit_array)
                0x00006af8                __preinit_array_end = .
                0x00006af8                . = ALIGN (0x4)
                0x00006af8                __init_array_start = .
 *(SORT(.init_array.*))
 *(.init_array)
 .init_array    0x00006af0        0x4 ./main.o
 .init_array    0x00006af4        0x4 c:/nxp/lpcxpresso_8.1.0_597/lpcxpresso/tools/bin/../lib/gcc/arm-none-eabi/5.2.1/armv6-m\crtbegin.o
                0x00006af8                __init_array_end = .
 *(.fini)
 .fini          0x00006af8        0x4 c:/nxp/lpcxpresso_8.1.0_597/lpcxpresso/tools/bin/../lib/gcc/arm-none-eabi/5.2.1/armv6-m\crti.o
                0x00006af8                _fini
 .fini          0x00006afc        0x8 c:/nxp/lpcxpresso_8.1.0_597/lpcxpresso/tools/bin/../lib/gcc/arm-none-eabi/5.2.1/armv6-m\crtn.o
                0x00006b04                . = ALIGN (0x4)
 *crtbegin.o(.ctors)
 *(EXCLUDE_FILE(*crtend.o) .ctors)
 *(SORT(.ctors.*))
 *crtend.o(.ctors)
                0x00006b04                . = ALIGN (0x4)
 *crtbegin.o(.dtors)
 *(EXCLUDE_FILE(*crtend.o) .dtors)
 *(SORT(.dtors.*))
 *crtend.o(.dtors)

.glue_7         0x00006b04        0x0
 .glue_7        0x00006b04        0x0 linker stubs

.glue_7t        0x00006b04        0x0
 .glue_7t       0x00006b04        0x0 linker stubs

.vfp11_veneer   0x00006b04        0x0
 .vfp11_veneer  0x00006b04        0x0 linker stubs

.v4_bx          0x00006b04        0x0
 .v4_bx         0x00006b04        0x0 linker stubs

.iplt           0x00006b04        0x0
 .iplt          0x00006b04        0x0 ./MPU9250.o

.rel.dyn        0x00006b04        0x0
 .rel.iplt      0x00006b04        0x0 ./MPU9250.o

.eh_frame       0x00006b04        0x0
 .eh_frame      0x00006b04        0x0 c:/nxp/lpcxpresso_8.1.0_597/lpcxpresso/tools/bin/../lib/gcc/arm-none-eabi/5.2.1/armv6-m\crtbegin.o

.ARM.extab
 *(.ARM.extab* .gnu.linkonce.armextab.*)
                0x00006b04                __exidx_start = .

.ARM.exidx
 *(.ARM.exidx* .gnu.linkonce.armexidx.*)
                0x00006b04                __exidx_end = .
                0x00006b04                _etext = .

.uninit_RESERVED
 *(.bss.$RESERVED*)

.data           0x100000c0       0x70 load address 0x00006b04
 FILL mask 0xff
                0x100000c0                _data = .
 *(vtable)
 *(.data*)
 .data.SystemCoreClock
                0x100000c0        0x4 C:/Users/takah_000/Documents/GitHub/procon2016-9AxisSensor-Firmware/mbed/TARGET_LPC1114/TOOLCHAIN_GCC_CR/system_LPC11xx.o
                0x100000c0                SystemCoreClock
 .data.impure_data
                0x100000c4       0x60 c:/nxp/lpcxpresso_8.1.0_597/lpcxpresso/tools/bin/../lib/gcc/arm-none-eabi/5.2.1/../../../../arm-none-eabi/lib/armv6-m\libc_s.a(lib_a-impure.o)
 .data._impure_ptr
                0x10000124        0x4 c:/nxp/lpcxpresso_8.1.0_597/lpcxpresso/tools/bin/../lib/gcc/arm-none-eabi/5.2.1/../../../../arm-none-eabi/lib/armv6-m\libc_s.a(lib_a-impure.o)
                0x10000124                _impure_ptr
 .data.__ctype_ptr__
                0x10000128        0x4 c:/nxp/lpcxpresso_8.1.0_597/lpcxpresso/tools/bin/../lib/gcc/arm-none-eabi/5.2.1/../../../../arm-none-eabi/lib/armv6-m\libc_s.a(lib_a-ctype_.o)
                0x10000128                __ctype_ptr__
 .data          0x1000012c        0x4 c:/nxp/lpcxpresso_8.1.0_597/lpcxpresso/tools/bin/../lib/gcc/arm-none-eabi/5.2.1/armv6-m\crtbegin.o
                0x1000012c                __dso_handle
                0x10000130                . = ALIGN (0x4)
                0x10000130                _edata = .

.igot.plt       0x10000130        0x0 load address 0x00006b74
 .igot.plt      0x10000130        0x0 ./MPU9250.o

.jcr            0x10000130        0x0 load address 0x00006b74
 .jcr           0x10000130        0x0 c:/nxp/lpcxpresso_8.1.0_597/lpcxpresso/tools/bin/../lib/gcc/arm-none-eabi/5.2.1/armv6-m\crtbegin.o

.tm_clone_table
                0x10000130        0x0 load address 0x00006b74
 .tm_clone_table
                0x10000130        0x0 c:/nxp/lpcxpresso_8.1.0_597/lpcxpresso/tools/bin/../lib/gcc/arm-none-eabi/5.2.1/armv6-m\crtbegin.o
 .tm_clone_table
                0x10000130        0x0 c:/nxp/lpcxpresso_8.1.0_597/lpcxpresso/tools/bin/../lib/gcc/arm-none-eabi/5.2.1/armv6-m\crtend.o

.bss            0x10000130      0x220 load address 0x00006b74
                0x10000130                _bss = .
 *(.bss*)
 .bss.battLevelInput
                0x10000130        0x1 ./main.o
                0x10000130                battLevelInput
 *fill*         0x10000131        0x3 
 .bss.sensor    0x10000134       0x3c ./main.o
                0x10000134                sensor
 .bss.serial    0x10000170       0x58 ./main.o
                0x10000170                serial
 .bss.tick      0x100001c8       0x30 ./main.o
                0x100001c8                tick
 .bss.interruptFlag
                0x100001f8        0x1 ./main.o
                0x100001f8                interruptFlag
 *fill*         0x100001f9        0x3 
 .bss._ZL11filehandles
                0x100001fc      0x100 C:/Users/takah_000/Documents/GitHub/procon2016-9AxisSensor-Firmware/mbed/TARGET_LPC1114/TOOLCHAIN_GCC_CR/retarget.o
 .bss.stdio_uart_inited
                0x100002fc        0x4 C:\Users\takah_000\Documents\GitHub\procon2016-9AxisSensor-Firmware\mbed\TARGET_LPC1114\TOOLCHAIN_GCC_CR\libmbed.a(serial_api.o)
                0x100002fc                stdio_uart_inited
 .bss.serial_irq_ids
                0x10000300        0x4 C:\Users\takah_000\Documents\GitHub\procon2016-9AxisSensor-Firmware\mbed\TARGET_LPC1114\TOOLCHAIN_GCC_CR\libmbed.a(serial_api.o)
 .bss.irq_handler
                0x10000304        0x4 C:\Users\takah_000\Documents\GitHub\procon2016-9AxisSensor-Firmware\mbed\TARGET_LPC1114\TOOLCHAIN_GCC_CR\libmbed.a(serial_api.o)
 .bss._ZN4mbed3SPI6_ownerE
                0x10000308        0x4 C:\Users\takah_000\Documents\GitHub\procon2016-9AxisSensor-Firmware\mbed\TARGET_LPC1114\TOOLCHAIN_GCC_CR\libmbed.a(SPI.o)
                0x10000308                mbed::SPI::_owner
 .bss.events    0x1000030c        0x8 C:\Users\takah_000\Documents\GitHub\procon2016-9AxisSensor-Firmware\mbed\TARGET_LPC1114\TOOLCHAIN_GCC_CR\libmbed.a(us_ticker_api.o)
 .bss.us_ticker_inited
                0x10000314        0x4 C:\Users\takah_000\Documents\GitHub\procon2016-9AxisSensor-Firmware\mbed\TARGET_LPC1114\TOOLCHAIN_GCC_CR\libmbed.a(us_ticker.o)
                0x10000314                us_ticker_inited
 .bss._ZN4mbed8FileBase5_headE
                0x10000318        0x4 C:\Users\takah_000\Documents\GitHub\procon2016-9AxisSensor-Firmware\mbed\TARGET_LPC1114\TOOLCHAIN_GCC_CR\libmbed.a(FileBase.o)
                0x10000318                mbed::FileBase::_head
 .bss.__malloc_sbrk_start
                0x1000031c        0x4 c:/nxp/lpcxpresso_8.1.0_597/lpcxpresso/tools/bin/../lib/gcc/arm-none-eabi/5.2.1/../../../../arm-none-eabi/lib/armv6-m\libc_s.a(lib_a-nano-mallocr.o)
                0x1000031c                __malloc_sbrk_start
 .bss.__malloc_free_list
                0x10000320        0x4 c:/nxp/lpcxpresso_8.1.0_597/lpcxpresso/tools/bin/../lib/gcc/arm-none-eabi/5.2.1/../../../../arm-none-eabi/lib/armv6-m\libc_s.a(lib_a-nano-mallocr.o)
                0x10000320                __malloc_free_list
 .bss.__end_of_heap
                0x10000324        0x4 c:/nxp/lpcxpresso_8.1.0_597/lpcxpresso/tools/bin/../lib/gcc/arm-none-eabi/5.2.1/../../../../arm-none-eabi/lib/armv6-m\libcr_newlib_nohost.a(_cr_sbrk.o)
                0x10000324                __end_of_heap
 .bss           0x10000328       0x1c c:/nxp/lpcxpresso_8.1.0_597/lpcxpresso/tools/bin/../lib/gcc/arm-none-eabi/5.2.1/armv6-m\crtbegin.o
 *(COMMON)
 COMMON         0x10000344        0x8 C:\Users\takah_000\Documents\GitHub\procon2016-9AxisSensor-Firmware\mbed\TARGET_LPC1114\TOOLCHAIN_GCC_CR\libmbed.a(serial_api.o)
                0x10000344                stdio_uart
 COMMON         0x1000034c        0x4 c:/nxp/lpcxpresso_8.1.0_597/lpcxpresso/tools/bin/../lib/gcc/arm-none-eabi/5.2.1/../../../../arm-none-eabi/lib/armv6-m\libc_s.a(lib_a-reent.o)
                0x1000034c                errno
                0x10000350                . = ALIGN (0x4)
                0x10000350                _ebss = .
                [!provide]                PROVIDE (end, .)
                0x10000350                __end__ = .
                0x10000350                PROVIDE (_pvHeapStart, .)
                0x10000f40                PROVIDE (_vStackTop, (__top_RamLoc8 - 0x0))
OUTPUT(procon2016-9axisSensor.axf elf32-littlearm)

.debug_info     0x00000000     0x4d4a
 .debug_info    0x00000000     0x2247 ./MPU9250.o
 .debug_info    0x00002247     0x2975 ./main.o
 .debug_info    0x00004bbc      0x124 c:/nxp/lpcxpresso_8.1.0_597/lpcxpresso/tools/bin/../lib/gcc/arm-none-eabi/5.2.1/../../../../arm-none-eabi/lib/armv6-m\libcr_newlib_nohost.a(_cr_sbrk.o)
 .debug_info    0x00004ce0       0x6a c:/nxp/lpcxpresso_8.1.0_597/lpcxpresso/tools/bin/../lib/gcc/arm-none-eabi/5.2.1/../../../../arm-none-eabi/lib/armv6-m\libcr_newlib_nohost.a(_cr_check_heap.o)

.debug_abbrev   0x00000000      0xab8
 .debug_abbrev  0x00000000      0x431 ./MPU9250.o
 .debug_abbrev  0x00000431      0x556 ./main.o
 .debug_abbrev  0x00000987       0xcf c:/nxp/lpcxpresso_8.1.0_597/lpcxpresso/tools/bin/../lib/gcc/arm-none-eabi/5.2.1/../../../../arm-none-eabi/lib/armv6-m\libcr_newlib_nohost.a(_cr_sbrk.o)
 .debug_abbrev  0x00000a56       0x62 c:/nxp/lpcxpresso_8.1.0_597/lpcxpresso/tools/bin/../lib/gcc/arm-none-eabi/5.2.1/../../../../arm-none-eabi/lib/armv6-m\libcr_newlib_nohost.a(_cr_check_heap.o)

.debug_aranges  0x00000000      0x1a8
 .debug_aranges
                0x00000000       0x98 ./MPU9250.o
 .debug_aranges
                0x00000098       0xd0 ./main.o
 .debug_aranges
                0x00000168       0x20 c:/nxp/lpcxpresso_8.1.0_597/lpcxpresso/tools/bin/../lib/gcc/arm-none-eabi/5.2.1/../../../../arm-none-eabi/lib/armv6-m\libcr_newlib_nohost.a(_cr_sbrk.o)
 .debug_aranges
                0x00000188       0x20 c:/nxp/lpcxpresso_8.1.0_597/lpcxpresso/tools/bin/../lib/gcc/arm-none-eabi/5.2.1/../../../../arm-none-eabi/lib/armv6-m\libcr_newlib_nohost.a(_cr_check_heap.o)

.debug_ranges   0x00000000      0x168
 .debug_ranges  0x00000000       0x88 ./MPU9250.o
 .debug_ranges  0x00000088       0xc0 ./main.o
 .debug_ranges  0x00000148       0x10 c:/nxp/lpcxpresso_8.1.0_597/lpcxpresso/tools/bin/../lib/gcc/arm-none-eabi/5.2.1/../../../../arm-none-eabi/lib/armv6-m\libcr_newlib_nohost.a(_cr_sbrk.o)
 .debug_ranges  0x00000158       0x10 c:/nxp/lpcxpresso_8.1.0_597/lpcxpresso/tools/bin/../lib/gcc/arm-none-eabi/5.2.1/../../../../arm-none-eabi/lib/armv6-m\libcr_newlib_nohost.a(_cr_check_heap.o)

.debug_macro    0x00000000     0x567b
 .debug_macro   0x00000000      0x54a ./MPU9250.o
 .debug_macro   0x0000054a      0x89e ./MPU9250.o
 .debug_macro   0x00000de8       0x10 ./MPU9250.o
 .debug_macro   0x00000df8       0x10 ./MPU9250.o
 .debug_macro   0x00000e08       0x94 ./MPU9250.o
 .debug_macro   0x00000e9c       0x1c ./MPU9250.o
 .debug_macro   0x00000eb8       0x3a ./MPU9250.o
 .debug_macro   0x00000ef2       0x22 ./MPU9250.o
 .debug_macro   0x00000f14       0x44 ./MPU9250.o
 .debug_macro   0x00000f58       0xfd ./MPU9250.o
 .debug_macro   0x00001055       0x22 ./MPU9250.o
 .debug_macro   0x00001077      0x1df ./MPU9250.o
 .debug_macro   0x00001256       0x26 ./MPU9250.o
 .debug_macro   0x0000127c      0x2ea ./MPU9250.o
 .debug_macro   0x00001566      0x131 ./MPU9250.o
 .debug_macro   0x00001697       0x10 ./MPU9250.o
 .debug_macro   0x000016a7     0x20cc ./MPU9250.o
 .debug_macro   0x00003773       0x1c ./MPU9250.o
 .debug_macro   0x0000378f       0x16 ./MPU9250.o
 .debug_macro   0x000037a5       0x10 ./MPU9250.o
 .debug_macro   0x000037b5      0x136 ./MPU9250.o
 .debug_macro   0x000038eb      0x34c ./MPU9250.o
 .debug_macro   0x00003c37      0x16d ./MPU9250.o
 .debug_macro   0x00003da4       0x58 ./MPU9250.o
 .debug_macro   0x00003dfc       0x35 ./MPU9250.o
 .debug_macro   0x00003e31       0x9c ./MPU9250.o
 .debug_macro   0x00003ecd       0x16 ./MPU9250.o
 .debug_macro   0x00003ee3       0x35 ./MPU9250.o
 .debug_macro   0x00003f18       0x52 ./MPU9250.o
 .debug_macro   0x00003f6a       0x16 ./MPU9250.o
 .debug_macro   0x00003f80       0x43 ./MPU9250.o
 .debug_macro   0x00003fc3      0x187 ./MPU9250.o
 .debug_macro   0x0000414a      0x34c ./MPU9250.o
 .debug_macro   0x00004496       0x16 ./MPU9250.o
 .debug_macro   0x000044ac       0x29 ./MPU9250.o
 .debug_macro   0x000044d5       0xac ./MPU9250.o
 .debug_macro   0x00004581       0x1c ./MPU9250.o
 .debug_macro   0x0000459d       0x10 ./MPU9250.o
 .debug_macro   0x000045ad       0x10 ./MPU9250.o
 .debug_macro   0x000045bd       0x22 ./MPU9250.o
 .debug_macro   0x000045df       0x3a ./MPU9250.o
 .debug_macro   0x00004619       0x10 ./MPU9250.o
 .debug_macro   0x00004629       0x40 ./MPU9250.o
 .debug_macro   0x00004669       0x65 ./MPU9250.o
 .debug_macro   0x000046ce       0x16 ./MPU9250.o
 .debug_macro   0x000046e4      0x197 ./MPU9250.o
 .debug_macro   0x0000487b      0x100 ./MPU9250.o
 .debug_macro   0x0000497b       0x16 ./MPU9250.o
 .debug_macro   0x00004991       0x8e ./MPU9250.o
 .debug_macro   0x00004a1f      0x1da ./MPU9250.o
 .debug_macro   0x00004bf9       0x16 ./MPU9250.o
 .debug_macro   0x00004c0f       0x10 ./MPU9250.o
 .debug_macro   0x00004c1f       0x41 ./MPU9250.o
 .debug_macro   0x00004c60       0x3a ./MPU9250.o
 .debug_macro   0x00004c9a      0x1cd ./MPU9250.o
 .debug_macro   0x00004e67      0x128 ./MPU9250.o
 .debug_macro   0x00004f8f       0x10 ./MPU9250.o
 .debug_macro   0x00004f9f       0x7c ./MPU9250.o
 .debug_macro   0x0000501b       0x52 ./MPU9250.o
 .debug_macro   0x0000506d       0x10 ./MPU9250.o
 .debug_macro   0x0000507d       0x5e ./MPU9250.o
 .debug_macro   0x000050db       0x2e ./MPU9250.o
 .debug_macro   0x00005109       0x28 ./MPU9250.o
 .debug_macro   0x00005131      0x54a ./main.o

.debug_line     0x00000000     0x18f2
 .debug_line    0x00000000      0xbb2 ./MPU9250.o
 .debug_line    0x00000bb2      0xbe2 ./main.o
 .debug_line    0x00001794      0x10b c:/nxp/lpcxpresso_8.1.0_597/lpcxpresso/tools/bin/../lib/gcc/arm-none-eabi/5.2.1/../../../../arm-none-eabi/lib/armv6-m\libcr_newlib_nohost.a(_cr_sbrk.o)
 .debug_line    0x0000189f       0x53 c:/nxp/lpcxpresso_8.1.0_597/lpcxpresso/tools/bin/../lib/gcc/arm-none-eabi/5.2.1/../../../../arm-none-eabi/lib/armv6-m\libcr_newlib_nohost.a(_cr_check_heap.o)

.debug_str      0x00000000    0x12677
 .debug_str     0x00000000    0x11cda ./MPU9250.o
                              0x12058 (size before relaxing)
 .debug_str     0x00011cda      0x7f4 ./main.o
                              0x127ca (size before relaxing)
 .debug_str     0x000124ce      0x184 c:/nxp/lpcxpresso_8.1.0_597/lpcxpresso/tools/bin/../lib/gcc/arm-none-eabi/5.2.1/../../../../arm-none-eabi/lib/armv6-m\libcr_newlib_nohost.a(_cr_sbrk.o)
                                0x229 (size before relaxing)
 .debug_str     0x00012652       0x25 c:/nxp/lpcxpresso_8.1.0_597/lpcxpresso/tools/bin/../lib/gcc/arm-none-eabi/5.2.1/../../../../arm-none-eabi/lib/armv6-m\libcr_newlib_nohost.a(_cr_check_heap.o)
                                0x16b (size before relaxing)

.comment        0x00000000       0xde
 .comment       0x00000000       0x6e ./MPU9250.o
                                 0x6f (size before relaxing)
 .comment       0x0000006e       0x6f ./main.o
 .comment       0x0000006e       0x70 C:/Users/takah_000/Documents/GitHub/procon2016-9AxisSensor-Firmware/mbed/TARGET_LPC1114/TOOLCHAIN_GCC_CR/board.o
                                 0x71 (size before relaxing)
 .comment       0x000000de       0x71 C:/Users/takah_000/Documents/GitHub/procon2016-9AxisSensor-Firmware/mbed/TARGET_LPC1114/TOOLCHAIN_GCC_CR/cmsis_nvic.o
 .comment       0x000000de       0x71 C:/Users/takah_000/Documents/GitHub/procon2016-9AxisSensor-Firmware/mbed/TARGET_LPC1114/TOOLCHAIN_GCC_CR/retarget.o
 .comment       0x000000de       0x71 C:/Users/takah_000/Documents/GitHub/procon2016-9AxisSensor-Firmware/mbed/TARGET_LPC1114/TOOLCHAIN_GCC_CR/startup_LPC11xx.o
 .comment       0x000000de       0x71 C:/Users/takah_000/Documents/GitHub/procon2016-9AxisSensor-Firmware/mbed/TARGET_LPC1114/TOOLCHAIN_GCC_CR/system_LPC11xx.o
 .comment       0x000000de       0x71 C:\Users\takah_000\Documents\GitHub\procon2016-9AxisSensor-Firmware\mbed\TARGET_LPC1114\TOOLCHAIN_GCC_CR\libmbed.a(analogin_api.o)
 .comment       0x000000de       0x71 C:\Users\takah_000\Documents\GitHub\procon2016-9AxisSensor-Firmware\mbed\TARGET_LPC1114\TOOLCHAIN_GCC_CR\libmbed.a(serial_api.o)
 .comment       0x000000de       0x71 C:\Users\takah_000\Documents\GitHub\procon2016-9AxisSensor-Firmware\mbed\TARGET_LPC1114\TOOLCHAIN_GCC_CR\libmbed.a(FilePath.o)
 .comment       0x000000de       0x71 C:\Users\takah_000\Documents\GitHub\procon2016-9AxisSensor-Firmware\mbed\TARGET_LPC1114\TOOLCHAIN_GCC_CR\libmbed.a(SPI.o)
 .comment       0x000000de       0x71 C:\Users\takah_000\Documents\GitHub\procon2016-9AxisSensor-Firmware\mbed\TARGET_LPC1114\TOOLCHAIN_GCC_CR\libmbed.a(Serial.o)
 .comment       0x000000de       0x71 C:\Users\takah_000\Documents\GitHub\procon2016-9AxisSensor-Firmware\mbed\TARGET_LPC1114\TOOLCHAIN_GCC_CR\libmbed.a(Ticker.o)
 .comment       0x000000de       0x71 C:\Users\takah_000\Documents\GitHub\procon2016-9AxisSensor-Firmware\mbed\TARGET_LPC1114\TOOLCHAIN_GCC_CR\libmbed.a(SerialBase.o)
 .comment       0x000000de       0x71 C:\Users\takah_000\Documents\GitHub\procon2016-9AxisSensor-Firmware\mbed\TARGET_LPC1114\TOOLCHAIN_GCC_CR\libmbed.a(Stream.o)
 .comment       0x000000de       0x71 C:\Users\takah_000\Documents\GitHub\procon2016-9AxisSensor-Firmware\mbed\TARGET_LPC1114\TOOLCHAIN_GCC_CR\libmbed.a(assert.o)
 .comment       0x000000de       0x71 C:\Users\takah_000\Documents\GitHub\procon2016-9AxisSensor-Firmware\mbed\TARGET_LPC1114\TOOLCHAIN_GCC_CR\libmbed.a(TimerEvent.o)
 .comment       0x000000de       0x71 C:\Users\takah_000\Documents\GitHub\procon2016-9AxisSensor-Firmware\mbed\TARGET_LPC1114\TOOLCHAIN_GCC_CR\libmbed.a(error.o)
 .comment       0x000000de       0x71 C:\Users\takah_000\Documents\GitHub\procon2016-9AxisSensor-Firmware\mbed\TARGET_LPC1114\TOOLCHAIN_GCC_CR\libmbed.a(gpio.o)
 .comment       0x000000de       0x71 C:\Users\takah_000\Documents\GitHub\procon2016-9AxisSensor-Firmware\mbed\TARGET_LPC1114\TOOLCHAIN_GCC_CR\libmbed.a(pinmap_common.o)
 .comment       0x000000de       0x71 C:\Users\takah_000\Documents\GitHub\procon2016-9AxisSensor-Firmware\mbed\TARGET_LPC1114\TOOLCHAIN_GCC_CR\libmbed.a(ticker_api.o)
 .comment       0x000000de       0x71 C:\Users\takah_000\Documents\GitHub\procon2016-9AxisSensor-Firmware\mbed\TARGET_LPC1114\TOOLCHAIN_GCC_CR\libmbed.a(wait_api.o)
 .comment       0x000000de       0x71 C:\Users\takah_000\Documents\GitHub\procon2016-9AxisSensor-Firmware\mbed\TARGET_LPC1114\TOOLCHAIN_GCC_CR\libmbed.a(us_ticker_api.o)
 .comment       0x000000de       0x71 C:\Users\takah_000\Documents\GitHub\procon2016-9AxisSensor-Firmware\mbed\TARGET_LPC1114\TOOLCHAIN_GCC_CR\libmbed.a(gpio_api.o)
 .comment       0x000000de       0x71 C:\Users\takah_000\Documents\GitHub\procon2016-9AxisSensor-Firmware\mbed\TARGET_LPC1114\TOOLCHAIN_GCC_CR\libmbed.a(pinmap.o)
 .comment       0x000000de       0x71 C:\Users\takah_000\Documents\GitHub\procon2016-9AxisSensor-Firmware\mbed\TARGET_LPC1114\TOOLCHAIN_GCC_CR\libmbed.a(us_ticker.o)
 .comment       0x000000de       0x71 C:\Users\takah_000\Documents\GitHub\procon2016-9AxisSensor-Firmware\mbed\TARGET_LPC1114\TOOLCHAIN_GCC_CR\libmbed.a(spi_api.o)
 .comment       0x000000de       0x71 C:\Users\takah_000\Documents\GitHub\procon2016-9AxisSensor-Firmware\mbed\TARGET_LPC1114\TOOLCHAIN_GCC_CR\libmbed.a(FileBase.o)
 .comment       0x000000de       0x71 C:\Users\takah_000\Documents\GitHub\procon2016-9AxisSensor-Firmware\mbed\TARGET_LPC1114\TOOLCHAIN_GCC_CR\libmbed.a(FileLike.o)
 .comment       0x000000de       0x6f c:/nxp/lpcxpresso_8.1.0_597/lpcxpresso/tools/bin/../lib/gcc/arm-none-eabi/5.2.1/../../../../arm-none-eabi/lib/armv6-m\libcr_newlib_nohost.a(_cr_sbrk.o)
 .comment       0x000000de       0x6f c:/nxp/lpcxpresso_8.1.0_597/lpcxpresso/tools/bin/../lib/gcc/arm-none-eabi/5.2.1/../../../../arm-none-eabi/lib/armv6-m\libcr_newlib_nohost.a(_cr_check_heap.o)

.ARM.attributes
                0x00000000       0x2f
 .ARM.attributes
                0x00000000       0x31 ./MPU9250.o
 .ARM.attributes
                0x00000031       0x31 ./main.o
 .ARM.attributes